172.16.0.3 - - [06/Aug/2025:22:26:11 +0000] "PUT /index.html HTTP/1.1" 400 4896 "curl/7.64.1"
203.0.113.76 - - [06/Aug/2025:22:06:42 +0000] "POST /api/data HTTP/1.1" 301 3430 "Mozilla/5.0 (Windows NT 10.0; Win64; x64)"
172.16.0.3 - - [06/Aug/2025:21:04:05 +0000] "GET /api/data HTTP/1.1" 200 3958 "Mozilla/5.0 (Macintosh; Intel Mac OS X 10_15_7)"
192.168.1.10 - - [06/Aug/2025:21:33:29 +0000] "PUT /dashboard HTTP/1.1" 403 4785 "Mozilla/5.0 (Macintosh; Intel Mac OS X 10_15_7)"
203.0.113.76 - - [06/Aug/2025:21:39:09 +0000] "GET /index.html HTTP/1.1" 201 2431 "Mozilla/5.0 (Windows NT 10.0; Win64; x64)"
203.0.113.76 - - [06/Aug/2025:22:01:41 +0000] "POST /api/data HTTP/1.1" 201 4199 "PostmanRuntime/7.28.4"
10.0.0.5 - - [06/Aug/2025:22:26:15 +0000] "GET /login HTTP/1.1" 201 1715 "Mozilla/5.0 (Windows NT 10.0; Win64; x64)"
172.16.0.3 - - [06/Aug/2025:22:36:50 +0000] "GET /api/data HTTP/1.1" 301 4975 "curl/7.64.1"
203.0.113.76 - - [06/Aug/2025:22:58:55 +0000] "DELETE /api/data HTTP/1.1" 400 1798 "Mozilla/5.0 (Macintosh; Intel Mac OS X 10_15_7)"
10.0.0.5 - - [06/Aug/2025:21:47:13 +0000] "POST /dashboard HTTP/1.1" 201 2757 "Mozilla/5.0 (Windows NT 10.0; Win64; x64)"
192.168.1.10 - - [06/Aug/2025:22:27:06 +0000] "DELETE /login HTTP/1.1" 200 1346 "Mozilla/5.0 (Windows NT 10.0; Win64; x64)"
198.51.100.22 - - [06/Aug/2025:22:02:13 +0000] "DELETE /index.html HTTP/1.1" 200 2261 "Mozilla/5.0 (Windows NT 10.0; Win64; x64)"
172.16.0.3 - - [06/Aug/2025:21:31:36 +0000] "PUT /assets/style.css HTTP/1.1" 301 2470 "Mozilla/5.0 (Macintosh; Intel Mac OS X 10_15_7)"
203.0.113.76 - - [06/Aug/2025:22:47:06 +0000] "DELETE / HTTP/1.1" 502 4219 "PostmanRuntime/7.28.4"
192.168.1.10 - - [06/Aug/2025:21:17:51 +0000] "DELETE /login HTTP/1.1" 201 1701 "curl/7.64.1"
192.168.1.10 - - [06/Aug/2025:22:49:34 +0000] "DELETE /login HTTP/1.1" 200 2208 "Mozilla/5.0 (Macintosh; Intel Mac OS X 10_15_7)"
192.168.1.10 - - [06/Aug/2025:21:29:48 +0000] "PUT /dashboard HTTP/1.1" 200 2355 "curl/7.64.1"
198.51.100.22 - - [06/Aug/2025:22:48:37 +0000] "DELETE /assets/style.css HTTP/1.1" 201 3206 "PostmanRuntime/7.28.4"
198.51.100.22 - - [06/Aug/2025:22:20:43 +0000] "PUT /login HTTP/1.1" 200 1071 "Mozilla/5.0 (Windows NT 10.0; Win64; x64)"
198.51.100.22 - - [06/Aug/2025:22:32:26 +0000] "PUT /api/data HTTP/1.1" 404 2042 "curl/7.64.1"
192.168.1.10 - - [06/Aug/2025:21:06:26 +0000] "GET /api/data HTTP/1.1" 201 768 "curl/7.64.1"
198.51.100.22 - - [06/Aug/2025:22:08:56 +0000] "POST /dashboard HTTP/1.1" 200 4851 "PostmanRuntime/7.28.4"
192.168.1.10 - - [06/Aug/2025:21:44:46 +0000] "GET /login HTTP/1.1" 200 3032 "Mozilla/5.0 (Macintosh; Intel Mac OS X 10_15_7)"
192.168.1.10 - - [06/Aug/2025:22:13:02 +0000] "POST /assets/style.css HTTP/1.1" 201 680 "PostmanRuntime/7.28.4"
203.0.113.76 - - [06/Aug/2025:22:30:54 +0000] "GET /api/data HTTP/1.1" 200 3945 "Mozilla/5.0 (Windows NT 10.0; Win64; x64)"
172.16.0.3 - - [06/Aug/2025:22:40:32 +0000] "GET /dashboard HTTP/1.1" 301 4174 "Mozilla/5.0 (Macintosh; Intel Mac OS X 10_15_7)"
203.0.113.76 - - [06/Aug/2025:22:49:54 +0000] "PUT /assets/style.css HTTP/1.1" 200 2029 "curl/7.64.1"
192.168.1.10 - - [06/Aug/2025:22:42:13 +0000] "DELETE /assets/style.css HTTP/1.1" 200 1340 "curl/7.64.1"
10.0.0.5 - - [06/Aug/2025:22:22:12 +0000] "POST /api/data HTTP/1.1" 403 4416 "PostmanRuntime/7.28.4"
203.0.113.76 - - [06/Aug/2025:22:47:32 +0000] "GET /login HTTP/1.1" 200 4661 "curl/7.64.1"
198.51.100.22 - - [06/Aug/2025:22:49:52 +0000] "PUT /api/data HTTP/1.1" 201 1734 "curl/7.64.1"
198.51.100.22 - - [06/Aug/2025:21:04:52 +0000] "PUT /api/data HTTP/1.1" 200 1551 "PostmanRuntime/7.28.4"
192.168.1.10 - - [06/Aug/2025:21:41:19 +0000] "POST /login HTTP/1.1" 400 4466 "Mozilla/5.0 (Macintosh; Intel Mac OS X 10_15_7)"
172.16.0.3 - - [06/Aug/2025:21:35:27 +0000] "PUT / HTTP/1.1" 403 1834 "Mozilla/5.0 (Windows NT 10.0; Win64; x64)"
10.0.0.5 - - [06/Aug/2025:21:09:49 +0000] "GET /index.html HTTP/1.1" 301 993 "PostmanRuntime/7.28.4"
198.51.100.22 - - [06/Aug/2025:22:28:21 +0000] "POST /assets/style.css HTTP/1.1" 500 4454 "curl/7.64.1"
192.168.1.10 - - [06/Aug/2025:21:41:01 +0000] "PUT /assets/style.css HTTP/1.1" 301 2392 "Mozilla/5.0 (Windows NT 10.0; Win64; x64)"
172.16.0.3 - - [06/Aug/2025:22:46:24 +0000] "PUT /dashboard HTTP/1.1" 201 555 "Mozilla/5.0 (Windows NT 10.0; Win64; x64)"
172.16.0.3 - - [06/Aug/2025:22:42:51 +0000] "PUT /index.html HTTP/1.1" 301 3349 "PostmanRuntime/7.28.4"
198.51.100.22 - - [06/Aug/2025:22:21:47 +0000] "DELETE /api/data HTTP/1.1" 301 4676 "Mozilla/5.0 (Windows NT 10.0; Win64; x64)"
172.16.0.3 - - [06/Aug/2025:22:42:44 +0000] "PUT /dashboard HTTP/1.1" 200 1634 "Mozilla/5.0 (Windows NT 10.0; Win64; x64)"
10.0.0.5 - - [06/Aug/2025:21:26:54 +0000] "DELETE /index.html HTTP/1.1" 201 4309 "Mozilla/5.0 (Windows NT 10.0; Win64; x64)"
172.16.0.3 - - [06/Aug/2025:21:26:09 +0000] "GET /assets/style.css HTTP/1.1" 301 758 "Mozilla/5.0 (Macintosh; Intel Mac OS X 10_15_7)"
172.16.0.3 - - [06/Aug/2025:22:29:29 +0000] "POST /assets/style.css HTTP/1.1" 403 2767 "Mozilla/5.0 (Macintosh; Intel Mac OS X 10_15_7)"
10.0.0.5 - - [06/Aug/2025:22:23:37 +0000] "GET / HTTP/1.1" 301 3468 "Mozilla/5.0 (Macintosh; Intel Mac OS X 10_15_7)"
198.51.100.22 - - [06/Aug/2025:22:26:37 +0000] "GET /api/data HTTP/1.1" 301 2161 "PostmanRuntime/7.28.4"
198.51.100.22 - - [06/Aug/2025:22:22:26 +0000] "GET /index.html HTTP/1.1" 200 1297 "Mozilla/5.0 (Windows NT 10.0; Win64; x64)"
10.0.0.5 - - [06/Aug/2025:22:04:54 +0000] "GET / HTTP/1.1" 201 2545 "Mozilla/5.0 (Macintosh; Intel Mac OS X 10_15_7)"
172.16.0.3 - - [06/Aug/2025:21:33:19 +0000] "GET /dashboard HTTP/1.1" 201 4719 "Mozilla/5.0 (Windows NT 10.0; Win64; x64)"
10.0.0.5 - - [06/Aug/2025:21:10:06 +0000] "GET /api/data HTTP/1.1" 400 4349 "Mozilla/5.0 (Macintosh; Intel Mac OS X 10_15_7)"
172.16.0.3 - - [06/Aug/2025:21:30:08 +0000] "DELETE /index.html HTTP/1.1" 301 1382 "Mozilla/5.0 (Macintosh; Intel Mac OS X 10_15_7)"
192.168.1.10 - - [06/Aug/2025:21:49:20 +0000] "GET /dashboard HTTP/1.1" 403 3553 "PostmanRuntime/7.28.4"
203.0.113.76 - - [06/Aug/2025:22:56:49 +0000] "DELETE / HTTP/1.1" 301 3030 "PostmanRuntime/7.28.4"
198.51.100.22 - - [06/Aug/2025:22:38:57 +0000] "PUT /assets/style.css HTTP/1.1" 200 4365 "PostmanRuntime/7.28.4"
10.0.0.5 - - [06/Aug/2025:22:58:04 +0000] "GET /dashboard HTTP/1.1" 301 1949 "PostmanRuntime/7.28.4"
198.51.100.22 - - [06/Aug/2025:22:20:33 +0000] "POST /dashboard HTTP/1.1" 400 3122 "PostmanRuntime/7.28.4"
198.51.100.22 - - [06/Aug/2025:21:09:21 +0000] "DELETE /index.html HTTP/1.1" 301 2091 "curl/7.64.1"
203.0.113.76 - - [06/Aug/2025:22:51:19 +0000] "GET /api/data HTTP/1.1" 200 516 "Mozilla/5.0 (Macintosh; Intel Mac OS X 10_15_7)"
172.16.0.3 - - [06/Aug/2025:22:10:55 +0000] "POST /api/data HTTP/1.1" 301 4159 "curl/7.64.1"
10.0.0.5 - - [06/Aug/2025:21:52:32 +0000] "DELETE /dashboard HTTP/1.1" 301 1749 "PostmanRuntime/7.28.4"
203.0.113.76 - - [06/Aug/2025:21:47:09 +0000] "GET /login HTTP/1.1" 201 572 "Mozilla/5.0 (Windows NT 10.0; Win64; x64)"
203.0.113.76 - - [06/Aug/2025:22:23:40 +0000] "POST /dashboard HTTP/1.1" 400 4937 "Mozilla/5.0 (Windows NT 10.0; Win64; x64)"
198.51.100.22 - - [06/Aug/2025:22:20:45 +0000] "GET / HTTP/1.1" 502 3538 "Mozilla/5.0 (Windows NT 10.0; Win64; x64)"
192.168.1.10 - - [06/Aug/2025:22:45:44 +0000] "GET /dashboard HTTP/1.1" 201 3865 "curl/7.64.1"
203.0.113.76 - - [06/Aug/2025:22:20:28 +0000] "POST /api/data HTTP/1.1" 500 1783 "curl/7.64.1"
172.16.0.3 - - [06/Aug/2025:22:49:03 +0000] "POST /dashboard HTTP/1.1" 201 1029 "PostmanRuntime/7.28.4"
192.168.1.10 - - [06/Aug/2025:21:24:52 +0000] "DELETE /api/data HTTP/1.1" 404 2352 "Mozilla/5.0 (Windows NT 10.0; Win64; x64)"
192.168.1.10 - - [06/Aug/2025:22:39:57 +0000] "GET /login HTTP/1.1" 301 1131 "curl/7.64.1"
192.168.1.10 - - [06/Aug/2025:22:54:39 +0000] "DELETE /assets/style.css HTTP/1.1" 301 3424 "PostmanRuntime/7.28.4"
192.168.1.10 - - [06/Aug/2025:21:34:48 +0000] "POST /assets/style.css HTTP/1.1" 201 2323 "curl/7.64.1"
203.0.113.76 - - [06/Aug/2025:21:09:33 +0000] "PUT /login HTTP/1.1" 201 2572 "Mozilla/5.0 (Windows NT 10.0; Win64; x64)"
10.0.0.5 - - [06/Aug/2025:22:49:00 +0000] "DELETE / HTTP/1.1" 200 3029 "Mozilla/5.0 (Windows NT 10.0; Win64; x64)"
10.0.0.5 - - [06/Aug/2025:22:41:38 +0000] "POST /api/data HTTP/1.1" 301 2114 "PostmanRuntime/7.28.4"
172.16.0.3 - - [06/Aug/2025:21:41:03 +0000] "PUT /login HTTP/1.1" 200 4759 "PostmanRuntime/7.28.4"
192.168.1.10 - - [06/Aug/2025:22:04:30 +0000] "PUT /login HTTP/1.1" 301 2469 "curl/7.64.1"
203.0.113.76 - - [06/Aug/2025:22:42:34 +0000] "GET /assets/style.css HTTP/1.1" 404 4093 "Mozilla/5.0 (Windows NT 10.0; Win64; x64)"
198.51.100.22 - - [06/Aug/2025:21:17:13 +0000] "PUT /login HTTP/1.1" 201 2691 "Mozilla/5.0 (Windows NT 10.0; Win64; x64)"
203.0.113.76 - - [06/Aug/2025:21:21:07 +0000] "POST /api/data HTTP/1.1" 201 1322 "Mozilla/5.0 (Macintosh; Intel Mac OS X 10_15_7)"
192.168.1.10 - - [06/Aug/2025:22:40:22 +0000] "GET /login HTTP/1.1" 404 4759 "PostmanRuntime/7.28.4"
192.168.1.10 - - [06/Aug/2025:21:09:55 +0000] "PUT /index.html HTTP/1.1" 404 1547 "curl/7.64.1"
198.51.100.22 - - [06/Aug/2025:21:46:46 +0000] "POST /index.html HTTP/1.1" 301 706 "curl/7.64.1"
203.0.113.76 - - [06/Aug/2025:22:12:46 +0000] "POST /api/data HTTP/1.1" 200 4099 "PostmanRuntime/7.28.4"
203.0.113.76 - - [06/Aug/2025:22:58:05 +0000] "POST / HTTP/1.1" 201 3000 "curl/7.64.1"
172.16.0.3 - - [06/Aug/2025:22:01:38 +0000] "POST /login HTTP/1.1" 502 2640 "PostmanRuntime/7.28.4"
172.16.0.3 - - [06/Aug/2025:22:08:05 +0000] "DELETE /index.html HTTP/1.1" 301 714 "Mozilla/5.0 (Windows NT 10.0; Win64; x64)"
192.168.1.10 - - [06/Aug/2025:22:06:17 +0000] "PUT /index.html HTTP/1.1" 200 2174 "PostmanRuntime/7.28.4"
10.0.0.5 - - [06/Aug/2025:22:10:44 +0000] "DELETE /api/data HTTP/1.1" 301 2640 "curl/7.64.1"
198.51.100.22 - - [06/Aug/2025:22:01:43 +0000] "GET /dashboard HTTP/1.1" 301 2451 "PostmanRuntime/7.28.4"
198.51.100.22 - - [06/Aug/2025:22:06:34 +0000] "DELETE /login HTTP/1.1" 201 2325 "Mozilla/5.0 (Windows NT 10.0; Win64; x64)"
198.51.100.22 - - [06/Aug/2025:22:09:50 +0000] "PUT /index.html HTTP/1.1" 201 2010 "PostmanRuntime/7.28.4"
192.168.1.10 - - [06/Aug/2025:21:44:35 +0000] "GET /api/data HTTP/1.1" 200 3401 "Mozilla/5.0 (Macintosh; Intel Mac OS X 10_15_7)"
10.0.0.5 - - [06/Aug/2025:21:53:22 +0000] "PUT /api/data HTTP/1.1" 301 3194 "PostmanRuntime/7.28.4"
192.168.1.10 - - [06/Aug/2025:21:27:07 +0000] "GET /assets/style.css HTTP/1.1" 400 2247 "Mozilla/5.0 (Macintosh; Intel Mac OS X 10_15_7)"
192.168.1.10 - - [06/Aug/2025:22:35:31 +0000] "POST /dashboard HTTP/1.1" 403 4151 "Mozilla/5.0 (Macintosh; Intel Mac OS X 10_15_7)"
10.0.0.5 - - [06/Aug/2025:22:18:10 +0000] "GET /assets/style.css HTTP/1.1" 201 2955 "Mozilla/5.0 (Macintosh; Intel Mac OS X 10_15_7)"
192.168.1.10 - - [06/Aug/2025:21:49:45 +0000] "DELETE /index.html HTTP/1.1" 200 4481 "PostmanRuntime/7.28.4"
198.51.100.22 - - [06/Aug/2025:21:14:21 +0000] "GET /assets/style.css HTTP/1.1" 201 4489 "curl/7.64.1"
198.51.100.22 - - [06/Aug/2025:21:39:58 +0000] "GET /dashboard HTTP/1.1" 201 516 "Mozilla/5.0 (Macintosh; Intel Mac OS X 10_15_7)"
10.0.0.5 - - [06/Aug/2025:22:00:25 +0000] "POST /login HTTP/1.1" 403 4974 "Mozilla/5.0 (Windows NT 10.0; Win64; x64)"
172.16.0.3 - - [06/Aug/2025:21:06:00 +0000] "POST /dashboard HTTP/1.1" 200 3233 "Mozilla/5.0 (Macintosh; Intel Mac OS X 10_15_7)"
172.16.0.3 - - [06/Aug/2025:22:16:25 +0000] "PUT /login HTTP/1.1" 201 2173 "Mozilla/5.0 (Macintosh; Intel Mac OS X 10_15_7)"
172.16.0.3 - - [06/Aug/2025:21:06:01 +0000] "POST /assets/style.css HTTP/1.1" 301 2763 "curl/7.64.1"
198.51.100.22 - - [06/Aug/2025:21:04:15 +0000] "POST /login HTTP/1.1" 200 3986 "Mozilla/5.0 (Macintosh; Intel Mac OS X 10_15_7)"
198.51.100.22 - - [06/Aug/2025:22:12:41 +0000] "PUT /dashboard HTTP/1.1" 201 1260 "Mozilla/5.0 (Macintosh; Intel Mac OS X 10_15_7)"
10.0.0.5 - - [06/Aug/2025:22:49:34 +0000] "DELETE /assets/style.css HTTP/1.1" 200 1892 "PostmanRuntime/7.28.4"
10.0.0.5 - - [06/Aug/2025:21:46:26 +0000] "POST / HTTP/1.1" 404 1551 "PostmanRuntime/7.28.4"
10.0.0.5 - - [06/Aug/2025:22:57:12 +0000] "PUT /api/data HTTP/1.1" 201 4452 "curl/7.64.1"
203.0.113.76 - - [06/Aug/2025:21:54:23 +0000] "POST /api/data HTTP/1.1" 404 3601 "PostmanRuntime/7.28.4"
172.16.0.3 - - [06/Aug/2025:21:27:51 +0000] "PUT /api/data HTTP/1.1" 200 894 "Mozilla/5.0 (Windows NT 10.0; Win64; x64)"
10.0.0.5 - - [06/Aug/2025:22:10:33 +0000] "DELETE /assets/style.css HTTP/1.1" 200 2191 "Mozilla/5.0 (Windows NT 10.0; Win64; x64)"
10.0.0.5 - - [06/Aug/2025:22:03:27 +0000] "POST /dashboard HTTP/1.1" 200 916 "curl/7.64.1"
10.0.0.5 - - [06/Aug/2025:22:59:46 +0000] "DELETE /dashboard HTTP/1.1" 301 3189 "PostmanRuntime/7.28.4"
192.168.1.10 - - [06/Aug/2025:22:41:55 +0000] "GET /login HTTP/1.1" 301 4094 "Mozilla/5.0 (Windows NT 10.0; Win64; x64)"
172.16.0.3 - - [06/Aug/2025:21:31:22 +0000] "GET /assets/style.css HTTP/1.1" 502 2605 "curl/7.64.1"
203.0.113.76 - - [06/Aug/2025:22:57:52 +0000] "DELETE /index.html HTTP/1.1" 301 1753 "PostmanRuntime/7.28.4"
198.51.100.22 - - [06/Aug/2025:21:49:24 +0000] "DELETE / HTTP/1.1" 201 4533 "Mozilla/5.0 (Windows NT 10.0; Win64; x64)"
192.168.1.10 - - [06/Aug/2025:21:58:17 +0000] "POST / HTTP/1.1" 301 4677 "Mozilla/5.0 (Windows NT 10.0; Win64; x64)"
198.51.100.22 - - [06/Aug/2025:21:48:07 +0000] "DELETE /index.html HTTP/1.1" 200 896 "Mozilla/5.0 (Macintosh; Intel Mac OS X 10_15_7)"
192.168.1.10 - - [06/Aug/2025:21:00:38 +0000] "POST /dashboard HTTP/1.1" 404 4179 "curl/7.64.1"
203.0.113.76 - - [06/Aug/2025:22:52:16 +0000] "PUT /assets/style.css HTTP/1.1" 200 1579 "PostmanRuntime/7.28.4"
172.16.0.3 - - [06/Aug/2025:21:08:05 +0000] "PUT /dashboard HTTP/1.1" 502 1962 "curl/7.64.1"
10.0.0.5 - - [06/Aug/2025:22:01:07 +0000] "GET /api/data HTTP/1.1" 301 4906 "Mozilla/5.0 (Macintosh; Intel Mac OS X 10_15_7)"
198.51.100.22 - - [06/Aug/2025:22:54:43 +0000] "PUT /api/data HTTP/1.1" 301 4585 "Mozilla/5.0 (Windows NT 10.0; Win64; x64)"
203.0.113.76 - - [06/Aug/2025:21:13:22 +0000] "DELETE /login HTTP/1.1" 201 1698 "curl/7.64.1"
172.16.0.3 - - [06/Aug/2025:22:40:48 +0000] "PUT / HTTP/1.1" 200 3610 "Mozilla/5.0 (Macintosh; Intel Mac OS X 10_15_7)"
172.16.0.3 - - [06/Aug/2025:21:09:28 +0000] "GET /login HTTP/1.1" 301 1540 "Mozilla/5.0 (Windows NT 10.0; Win64; x64)"
192.168.1.10 - - [06/Aug/2025:22:36:18 +0000] "GET / HTTP/1.1" 201 4094 "Mozilla/5.0 (Macintosh; Intel Mac OS X 10_15_7)"
198.51.100.22 - - [06/Aug/2025:21:38:13 +0000] "DELETE /dashboard HTTP/1.1" 200 3518 "PostmanRuntime/7.28.4"
198.51.100.22 - - [06/Aug/2025:22:48:26 +0000] "PUT /dashboard HTTP/1.1" 201 3869 "Mozilla/5.0 (Windows NT 10.0; Win64; x64)"
203.0.113.76 - - [06/Aug/2025:21:34:33 +0000] "GET /index.html HTTP/1.1" 200 4637 "PostmanRuntime/7.28.4"
10.0.0.5 - - [06/Aug/2025:22:58:58 +0000] "DELETE /api/data HTTP/1.1" 502 3345 "Mozilla/5.0 (Macintosh; Intel Mac OS X 10_15_7)"
203.0.113.76 - - [06/Aug/2025:21:54:38 +0000] "POST /dashboard HTTP/1.1" 500 4459 "PostmanRuntime/7.28.4"
172.16.0.3 - - [06/Aug/2025:21:38:19 +0000] "POST /api/data HTTP/1.1" 500 2713 "curl/7.64.1"
198.51.100.22 - - [06/Aug/2025:21:56:15 +0000] "DELETE /login HTTP/1.1" 404 2389 "Mozilla/5.0 (Windows NT 10.0; Win64; x64)"
192.168.1.10 - - [06/Aug/2025:21:23:49 +0000] "POST /dashboard HTTP/1.1" 200 1707 "PostmanRuntime/7.28.4"
10.0.0.5 - - [06/Aug/2025:21:57:26 +0000] "DELETE /login HTTP/1.1" 201 1738 "Mozilla/5.0 (Windows NT 10.0; Win64; x64)"
192.168.1.10 - - [06/Aug/2025:21:53:27 +0000] "POST /index.html HTTP/1.1" 301 3386 "curl/7.64.1"
10.0.0.5 - - [06/Aug/2025:22:23:32 +0000] "POST /login HTTP/1.1" 301 668 "Mozilla/5.0 (Windows NT 10.0; Win64; x64)"
203.0.113.76 - - [06/Aug/2025:22:39:50 +0000] "DELETE /assets/style.css HTTP/1.1" 301 3460 "Mozilla/5.0 (Windows NT 10.0; Win64; x64)"
192.168.1.10 - - [06/Aug/2025:21:15:16 +0000] "PUT /api/data HTTP/1.1" 201 2464 "curl/7.64.1"
172.16.0.3 - - [06/Aug/2025:21:49:12 +0000] "PUT /api/data HTTP/1.1" 301 1523 "Mozilla/5.0 (Windows NT 10.0; Win64; x64)"
203.0.113.76 - - [06/Aug/2025:22:27:56 +0000] "POST / HTTP/1.1" 400 2977 "curl/7.64.1"
198.51.100.22 - - [06/Aug/2025:21:04:59 +0000] "DELETE /dashboard HTTP/1.1" 201 4550 "Mozilla/5.0 (Macintosh; Intel Mac OS X 10_15_7)"
10.0.0.5 - - [06/Aug/2025:21:37:49 +0000] "PUT /index.html HTTP/1.1" 301 2360 "PostmanRuntime/7.28.4"
10.0.0.5 - - [06/Aug/2025:22:21:57 +0000] "DELETE / HTTP/1.1" 200 792 "Mozilla/5.0 (Windows NT 10.0; Win64; x64)"
203.0.113.76 - - [06/Aug/2025:21:12:15 +0000] "GET /index.html HTTP/1.1" 200 4950 "Mozilla/5.0 (Windows NT 10.0; Win64; x64)"
198.51.100.22 - - [06/Aug/2025:22:32:00 +0000] "DELETE / HTTP/1.1" 201 1208 "PostmanRuntime/7.28.4"
192.168.1.10 - - [06/Aug/2025:22:03:45 +0000] "GET /login HTTP/1.1" 301 3417 "PostmanRuntime/7.28.4"
10.0.0.5 - - [06/Aug/2025:22:33:09 +0000] "PUT /index.html HTTP/1.1" 201 3356 "Mozilla/5.0 (Macintosh; Intel Mac OS X 10_15_7)"
10.0.0.5 - - [06/Aug/2025:21:09:54 +0000] "PUT /dashboard HTTP/1.1" 200 2297 "PostmanRuntime/7.28.4"
198.51.100.22 - - [06/Aug/2025:22:58:07 +0000] "DELETE /login HTTP/1.1" 200 710 "Mozilla/5.0 (Windows NT 10.0; Win64; x64)"
172.16.0.3 - - [06/Aug/2025:22:36:55 +0000] "PUT /login HTTP/1.1" 301 3429 "Mozilla/5.0 (Windows NT 10.0; Win64; x64)"
203.0.113.76 - - [06/Aug/2025:22:17:03 +0000] "DELETE /assets/style.css HTTP/1.1" 201 3550 "Mozilla/5.0 (Windows NT 10.0; Win64; x64)"
172.16.0.3 - - [06/Aug/2025:21:53:56 +0000] "PUT /api/data HTTP/1.1" 403 3057 "curl/7.64.1"
192.168.1.10 - - [06/Aug/2025:22:57:28 +0000] "GET /dashboard HTTP/1.1" 200 1626 "curl/7.64.1"
10.0.0.5 - - [06/Aug/2025:21:12:19 +0000] "PUT /api/data HTTP/1.1" 201 3778 "PostmanRuntime/7.28.4"
192.168.1.10 - - [06/Aug/2025:22:18:29 +0000] "GET / HTTP/1.1" 404 3667 "curl/7.64.1"
10.0.0.5 - - [06/Aug/2025:21:48:17 +0000] "POST /dashboard HTTP/1.1" 201 609 "Mozilla/5.0 (Macintosh; Intel Mac OS X 10_15_7)"
192.168.1.10 - - [06/Aug/2025:21:51:49 +0000] "PUT / HTTP/1.1" 200 718 "Mozilla/5.0 (Macintosh; Intel Mac OS X 10_15_7)"
172.16.0.3 - - [06/Aug/2025:22:43:57 +0000] "PUT /index.html HTTP/1.1" 400 4577 "PostmanRuntime/7.28.4"
198.51.100.22 - - [06/Aug/2025:21:28:18 +0000] "PUT /assets/style.css HTTP/1.1" 201 1598 "Mozilla/5.0 (Macintosh; Intel Mac OS X 10_15_7)"
203.0.113.76 - - [06/Aug/2025:22:34:20 +0000] "DELETE /index.html HTTP/1.1" 201 4721 "Mozilla/5.0 (Windows NT 10.0; Win64; x64)"
198.51.100.22 - - [06/Aug/2025:22:17:18 +0000] "POST /assets/style.css HTTP/1.1" 301 2151 "Mozilla/5.0 (Windows NT 10.0; Win64; x64)"
203.0.113.76 - - [06/Aug/2025:21:01:29 +0000] "DELETE / HTTP/1.1" 301 4983 "PostmanRuntime/7.28.4"
192.168.1.10 - - [06/Aug/2025:22:33:03 +0000] "DELETE /assets/style.css HTTP/1.1" 200 4080 "Mozilla/5.0 (Windows NT 10.0; Win64; x64)"
198.51.100.22 - - [06/Aug/2025:22:05:59 +0000] "DELETE /login HTTP/1.1" 404 1783 "Mozilla/5.0 (Windows NT 10.0; Win64; x64)"
198.51.100.22 - - [06/Aug/2025:22:56:44 +0000] "POST / HTTP/1.1" 301 1675 "PostmanRuntime/7.28.4"
203.0.113.76 - - [06/Aug/2025:22:28:33 +0000] "DELETE /index.html HTTP/1.1" 301 4601 "PostmanRuntime/7.28.4"
198.51.100.22 - - [06/Aug/2025:22:23:58 +0000] "PUT /assets/style.css HTTP/1.1" 201 2095 "curl/7.64.1"
192.168.1.10 - - [06/Aug/2025:21:05:41 +0000] "PUT /dashboard HTTP/1.1" 301 2048 "PostmanRuntime/7.28.4"
198.51.100.22 - - [06/Aug/2025:22:33:44 +0000] "PUT /index.html HTTP/1.1" 301 1303 "Mozilla/5.0 (Windows NT 10.0; Win64; x64)"
198.51.100.22 - - [06/Aug/2025:21:24:34 +0000] "PUT /login HTTP/1.1" 200 3385 "PostmanRuntime/7.28.4"
10.0.0.5 - - [06/Aug/2025:22:18:11 +0000] "POST /api/data HTTP/1.1" 201 4302 "curl/7.64.1"
10.0.0.5 - - [06/Aug/2025:22:12:44 +0000] "DELETE /api/data HTTP/1.1" 200 1993 "Mozilla/5.0 (Windows NT 10.0; Win64; x64)"
198.51.100.22 - - [06/Aug/2025:22:00:11 +0000] "GET / HTTP/1.1" 301 3242 "Mozilla/5.0 (Windows NT 10.0; Win64; x64)"
203.0.113.76 - - [06/Aug/2025:22:09:46 +0000] "PUT /api/data HTTP/1.1" 301 2474 "Mozilla/5.0 (Windows NT 10.0; Win64; x64)"
198.51.100.22 - - [06/Aug/2025:22:17:22 +0000] "POST / HTTP/1.1" 403 4520 "PostmanRuntime/7.28.4"
172.16.0.3 - - [06/Aug/2025:22:57:04 +0000] "POST /assets/style.css HTTP/1.1" 201 3836 "curl/7.64.1"
203.0.113.76 - - [06/Aug/2025:22:18:14 +0000] "PUT /index.html HTTP/1.1" 201 1463 "PostmanRuntime/7.28.4"
10.0.0.5 - - [06/Aug/2025:22:29:42 +0000] "GET /index.html HTTP/1.1" 301 2441 "Mozilla/5.0 (Macintosh; Intel Mac OS X 10_15_7)"
192.168.1.10 - - [06/Aug/2025:22:12:43 +0000] "POST /index.html HTTP/1.1" 201 4591 "Mozilla/5.0 (Macintosh; Intel Mac OS X 10_15_7)"
198.51.100.22 - - [06/Aug/2025:21:17:29 +0000] "DELETE / HTTP/1.1" 301 3342 "Mozilla/5.0 (Macintosh; Intel Mac OS X 10_15_7)"
172.16.0.3 - - [06/Aug/2025:21:53:20 +0000] "POST /dashboard HTTP/1.1" 201 525 "Mozilla/5.0 (Macintosh; Intel Mac OS X 10_15_7)"
192.168.1.10 - - [06/Aug/2025:22:35:12 +0000] "POST /index.html HTTP/1.1" 301 2755 "Mozilla/5.0 (Windows NT 10.0; Win64; x64)"
198.51.100.22 - - [06/Aug/2025:22:07:20 +0000] "POST / HTTP/1.1" 201 4525 "Mozilla/5.0 (Macintosh; Intel Mac OS X 10_15_7)"
172.16.0.3 - - [06/Aug/2025:22:25:47 +0000] "POST /index.html HTTP/1.1" 200 3443 "curl/7.64.1"
203.0.113.76 - - [06/Aug/2025:21:32:30 +0000] "POST /index.html HTTP/1.1" 301 1002 "Mozilla/5.0 (Macintosh; Intel Mac OS X 10_15_7)"
198.51.100.22 - - [06/Aug/2025:21:40:55 +0000] "GET /assets/style.css HTTP/1.1" 301 1101 "Mozilla/5.0 (Macintosh; Intel Mac OS X 10_15_7)"
203.0.113.76 - - [06/Aug/2025:21:11:21 +0000] "PUT /assets/style.css HTTP/1.1" 301 1644 "Mozilla/5.0 (Windows NT 10.0; Win64; x64)"
172.16.0.3 - - [06/Aug/2025:21:07:36 +0000] "PUT /login HTTP/1.1" 201 2281 "Mozilla/5.0 (Windows NT 10.0; Win64; x64)"
10.0.0.5 - - [06/Aug/2025:22:32:18 +0000] "PUT /api/data HTTP/1.1" 400 2149 "Mozilla/5.0 (Windows NT 10.0; Win64; x64)"
172.16.0.3 - - [06/Aug/2025:21:17:43 +0000] "PUT /api/data HTTP/1.1" 301 624 "Mozilla/5.0 (Windows NT 10.0; Win64; x64)"
192.168.1.10 - - [06/Aug/2025:21:05:35 +0000] "DELETE /index.html HTTP/1.1" 500 1765 "PostmanRuntime/7.28.4"
172.16.0.3 - - [06/Aug/2025:21:40:14 +0000] "GET /login HTTP/1.1" 201 1610 "PostmanRuntime/7.28.4"
203.0.113.76 - - [06/Aug/2025:21:10:44 +0000] "PUT / HTTP/1.1" 301 2921 "Mozilla/5.0 (Windows NT 10.0; Win64; x64)"
203.0.113.76 - - [06/Aug/2025:22:21:34 +0000] "POST /login HTTP/1.1" 200 3061 "Mozilla/5.0 (Windows NT 10.0; Win64; x64)"
10.0.0.5 - - [06/Aug/2025:21:40:56 +0000] "GET / HTTP/1.1" 200 3827 "Mozilla/5.0 (Windows NT 10.0; Win64; x64)"
172.16.0.3 - - [06/Aug/2025:22:23:05 +0000] "POST /dashboard HTTP/1.1" 301 3753 "PostmanRuntime/7.28.4"
192.168.1.10 - - [06/Aug/2025:21:48:12 +0000] "DELETE /api/data HTTP/1.1" 201 3447 "curl/7.64.1"
198.51.100.22 - - [06/Aug/2025:22:28:40 +0000] "POST /assets/style.css HTTP/1.1" 201 3380 "Mozilla/5.0 (Windows NT 10.0; Win64; x64)"
198.51.100.22 - - [06/Aug/2025:22:15:40 +0000] "GET /api/data HTTP/1.1" 200 4094 "Mozilla/5.0 (Windows NT 10.0; Win64; x64)"
192.168.1.10 - - [06/Aug/2025:21:56:35 +0000] "GET /api/data HTTP/1.1" 301 780 "curl/7.64.1"
198.51.100.22 - - [06/Aug/2025:22:37:26 +0000] "PUT /api/data HTTP/1.1" 201 4790 "Mozilla/5.0 (Macintosh; Intel Mac OS X 10_15_7)"
198.51.100.22 - - [06/Aug/2025:21:51:21 +0000] "GET /login HTTP/1.1" 200 4108 "Mozilla/5.0 (Windows NT 10.0; Win64; x64)"
192.168.1.10 - - [06/Aug/2025:22:19:29 +0000] "POST /assets/style.css HTTP/1.1" 502 3496 "Mozilla/5.0 (Windows NT 10.0; Win64; x64)"
198.51.100.22 - - [06/Aug/2025:22:24:14 +0000] "PUT /login HTTP/1.1" 301 2326 "Mozilla/5.0 (Macintosh; Intel Mac OS X 10_15_7)"
192.168.1.10 - - [06/Aug/2025:21:37:40 +0000] "DELETE /api/data HTTP/1.1" 201 4757 "PostmanRuntime/7.28.4"
203.0.113.76 - - [06/Aug/2025:22:45:20 +0000] "POST /dashboard HTTP/1.1" 403 2957 "PostmanRuntime/7.28.4"
192.168.1.10 - - [06/Aug/2025:22:49:50 +0000] "DELETE /assets/style.css HTTP/1.1" 201 3805 "Mozilla/5.0 (Macintosh; Intel Mac OS X 10_15_7)"
192.168.1.10 - - [06/Aug/2025:21:57:48 +0000] "DELETE /assets/style.css HTTP/1.1" 400 1551 "curl/7.64.1"
192.168.1.10 - - [06/Aug/2025:22:57:51 +0000] "POST /assets/style.css HTTP/1.1" 301 2457 "Mozilla/5.0 (Macintosh; Intel Mac OS X 10_15_7)"
198.51.100.22 - - [06/Aug/2025:21:48:55 +0000] "POST /api/data HTTP/1.1" 301 2053 "curl/7.64.1"
172.16.0.3 - - [06/Aug/2025:21:07:43 +0000] "PUT /login HTTP/1.1" 200 4132 "Mozilla/5.0 (Macintosh; Intel Mac OS X 10_15_7)"
203.0.113.76 - - [06/Aug/2025:21:38:39 +0000] "GET / HTTP/1.1" 400 3604 "Mozilla/5.0 (Macintosh; Intel Mac OS X 10_15_7)"
10.0.0.5 - - [06/Aug/2025:22:50:48 +0000] "DELETE /api/data HTTP/1.1" 201 711 "PostmanRuntime/7.28.4"
192.168.1.10 - - [06/Aug/2025:22:58:51 +0000] "GET /api/data HTTP/1.1" 301 2394 "Mozilla/5.0 (Windows NT 10.0; Win64; x64)"
198.51.100.22 - - [06/Aug/2025:21:05:17 +0000] "GET /dashboard HTTP/1.1" 201 4047 "curl/7.64.1"
172.16.0.3 - - [06/Aug/2025:21:55:49 +0000] "GET /dashboard HTTP/1.1" 403 3812 "Mozilla/5.0 (Macintosh; Intel Mac OS X 10_15_7)"
198.51.100.22 - - [06/Aug/2025:21:06:40 +0000] "PUT /login HTTP/1.1" 201 1625 "curl/7.64.1"
198.51.100.22 - - [06/Aug/2025:22:18:34 +0000] "POST / HTTP/1.1" 301 1314 "Mozilla/5.0 (Macintosh; Intel Mac OS X 10_15_7)"
198.51.100.22 - - [06/Aug/2025:22:19:15 +0000] "PUT /dashboard HTTP/1.1" 403 4585 "PostmanRuntime/7.28.4"
10.0.0.5 - - [06/Aug/2025:21:33:30 +0000] "PUT /dashboard HTTP/1.1" 403 3356 "Mozilla/5.0 (Macintosh; Intel Mac OS X 10_15_7)"
10.0.0.5 - - [06/Aug/2025:22:01:21 +0000] "GET /login HTTP/1.1" 201 2490 "PostmanRuntime/7.28.4"
198.51.100.22 - - [06/Aug/2025:21:43:09 +0000] "POST /api/data HTTP/1.1" 301 2586 "PostmanRuntime/7.28.4"
203.0.113.76 - - [06/Aug/2025:21:31:30 +0000] "PUT /login HTTP/1.1" 403 4906 "Mozilla/5.0 (Macintosh; Intel Mac OS X 10_15_7)"
198.51.100.22 - - [06/Aug/2025:22:31:22 +0000] "GET / HTTP/1.1" 301 1768 "curl/7.64.1"
203.0.113.76 - - [06/Aug/2025:22:28:29 +0000] "GET / HTTP/1.1" 200 3231 "Mozilla/5.0 (Macintosh; Intel Mac OS X 10_15_7)"
10.0.0.5 - - [06/Aug/2025:21:49:07 +0000] "DELETE /index.html HTTP/1.1" 200 3738 "curl/7.64.1"
172.16.0.3 - - [06/Aug/2025:21:53:29 +0000] "GET /index.html HTTP/1.1" 200 3854 "Mozilla/5.0 (Macintosh; Intel Mac OS X 10_15_7)"
192.168.1.10 - - [06/Aug/2025:22:18:16 +0000] "DELETE /api/data HTTP/1.1" 201 2138 "Mozilla/5.0 (Windows NT 10.0; Win64; x64)"
198.51.100.22 - - [06/Aug/2025:21:08:28 +0000] "DELETE /api/data HTTP/1.1" 200 4431 "Mozilla/5.0 (Windows NT 10.0; Win64; x64)"
192.168.1.10 - - [06/Aug/2025:21:45:43 +0000] "GET /index.html HTTP/1.1" 301 2474 "Mozilla/5.0 (Macintosh; Intel Mac OS X 10_15_7)"
10.0.0.5 - - [06/Aug/2025:21:50:36 +0000] "GET /api/data HTTP/1.1" 200 1901 "PostmanRuntime/7.28.4"
172.16.0.3 - - [06/Aug/2025:22:56:05 +0000] "POST /assets/style.css HTTP/1.1" 400 2983 "Mozilla/5.0 (Windows NT 10.0; Win64; x64)"
203.0.113.76 - - [06/Aug/2025:21:00:38 +0000] "POST /api/data HTTP/1.1" 201 4124 "curl/7.64.1"
203.0.113.76 - - [06/Aug/2025:22:34:23 +0000] "PUT /api/data HTTP/1.1" 400 4717 "Mozilla/5.0 (Macintosh; Intel Mac OS X 10_15_7)"
203.0.113.76 - - [06/Aug/2025:21:56:52 +0000] "POST /index.html HTTP/1.1" 301 2400 "Mozilla/5.0 (Macintosh; Intel Mac OS X 10_15_7)"
172.16.0.3 - - [06/Aug/2025:22:16:34 +0000] "DELETE /api/data HTTP/1.1" 301 4522 "PostmanRuntime/7.28.4"
192.168.1.10 - - [06/Aug/2025:22:22:47 +0000] "POST /assets/style.css HTTP/1.1" 301 3400 "Mozilla/5.0 (Macintosh; Intel Mac OS X 10_15_7)"
198.51.100.22 - - [06/Aug/2025:21:20:47 +0000] "DELETE /assets/style.css HTTP/1.1" 200 2010 "curl/7.64.1"
198.51.100.22 - - [06/Aug/2025:21:26:07 +0000] "GET /login HTTP/1.1" 201 1253 "curl/7.64.1"
172.16.0.3 - - [06/Aug/2025:22:38:07 +0000] "DELETE /index.html HTTP/1.1" 200 3767 "Mozilla/5.0 (Windows NT 10.0; Win64; x64)"
203.0.113.76 - - [06/Aug/2025:22:23:18 +0000] "PUT /api/data HTTP/1.1" 200 3717 "PostmanRuntime/7.28.4"
198.51.100.22 - - [06/Aug/2025:22:40:10 +0000] "POST /assets/style.css HTTP/1.1" 200 2480 "Mozilla/5.0 (Windows NT 10.0; Win64; x64)"
203.0.113.76 - - [06/Aug/2025:21:40:20 +0000] "PUT /index.html HTTP/1.1" 301 1818 "curl/7.64.1"
203.0.113.76 - - [06/Aug/2025:21:34:21 +0000] "GET /api/data HTTP/1.1" 301 2018 "PostmanRuntime/7.28.4"
203.0.113.76 - - [06/Aug/2025:22:49:48 +0000] "PUT / HTTP/1.1" 403 1989 "Mozilla/5.0 (Macintosh; Intel Mac OS X 10_15_7)"
10.0.0.5 - - [06/Aug/2025:22:13:25 +0000] "GET /assets/style.css HTTP/1.1" 301 1103 "PostmanRuntime/7.28.4"
172.16.0.3 - - [06/Aug/2025:22:46:28 +0000] "GET /api/data HTTP/1.1" 200 891 "Mozilla/5.0 (Macintosh; Intel Mac OS X 10_15_7)"
198.51.100.22 - - [06/Aug/2025:22:41:15 +0000] "GET / HTTP/1.1" 200 3999 "curl/7.64.1"
203.0.113.76 - - [06/Aug/2025:22:45:09 +0000] "DELETE /index.html HTTP/1.1" 500 3917 "curl/7.64.1"
172.16.0.3 - - [06/Aug/2025:22:41:07 +0000] "DELETE /index.html HTTP/1.1" 301 2058 "PostmanRuntime/7.28.4"
192.168.1.10 - - [06/Aug/2025:22:39:26 +0000] "POST /login HTTP/1.1" 200 2601 "curl/7.64.1"
172.16.0.3 - - [06/Aug/2025:22:40:23 +0000] "GET /index.html HTTP/1.1" 200 2444 "curl/7.64.1"
10.0.0.5 - - [06/Aug/2025:22:05:16 +0000] "GET /assets/style.css HTTP/1.1" 200 1709 "Mozilla/5.0 (Macintosh; Intel Mac OS X 10_15_7)"
10.0.0.5 - - [06/Aug/2025:21:27:14 +0000] "PUT /login HTTP/1.1" 301 2397 "PostmanRuntime/7.28.4"
198.51.100.22 - - [06/Aug/2025:21:18:38 +0000] "GET /dashboard HTTP/1.1" 201 3164 "PostmanRuntime/7.28.4"
192.168.1.10 - - [06/Aug/2025:22:35:57 +0000] "PUT /index.html HTTP/1.1" 201 4950 "Mozilla/5.0 (Windows NT 10.0; Win64; x64)"
198.51.100.22 - - [06/Aug/2025:22:17:43 +0000] "PUT /login HTTP/1.1" 301 1802 "curl/7.64.1"
10.0.0.5 - - [06/Aug/2025:21:45:28 +0000] "POST /login HTTP/1.1" 200 4807 "curl/7.64.1"
192.168.1.10 - - [06/Aug/2025:21:52:59 +0000] "GET /login HTTP/1.1" 403 2309 "curl/7.64.1"
203.0.113.76 - - [06/Aug/2025:21:36:21 +0000] "POST /dashboard HTTP/1.1" 201 1444 "Mozilla/5.0 (Macintosh; Intel Mac OS X 10_15_7)"
198.51.100.22 - - [06/Aug/2025:21:06:48 +0000] "PUT /login HTTP/1.1" 301 705 "Mozilla/5.0 (Macintosh; Intel Mac OS X 10_15_7)"
198.51.100.22 - - [06/Aug/2025:22:35:55 +0000] "PUT /dashboard HTTP/1.1" 301 4801 "Mozilla/5.0 (Macintosh; Intel Mac OS X 10_15_7)"
203.0.113.76 - - [06/Aug/2025:22:02:52 +0000] "DELETE /dashboard HTTP/1.1" 301 1205 "Mozilla/5.0 (Macintosh; Intel Mac OS X 10_15_7)"
192.168.1.10 - - [06/Aug/2025:21:44:14 +0000] "GET /assets/style.css HTTP/1.1" 301 1220 "Mozilla/5.0 (Macintosh; Intel Mac OS X 10_15_7)"
10.0.0.5 - - [06/Aug/2025:21:45:16 +0000] "POST / HTTP/1.1" 301 2638 "PostmanRuntime/7.28.4"
192.168.1.10 - - [06/Aug/2025:22:40:21 +0000] "PUT /assets/style.css HTTP/1.1" 301 4617 "Mozilla/5.0 (Macintosh; Intel Mac OS X 10_15_7)"
198.51.100.22 - - [06/Aug/2025:21:07:46 +0000] "GET /index.html HTTP/1.1" 200 5000 "curl/7.64.1"
192.168.1.10 - - [06/Aug/2025:22:36:55 +0000] "GET /dashboard HTTP/1.1" 200 4223 "Mozilla/5.0 (Macintosh; Intel Mac OS X 10_15_7)"
192.168.1.10 - - [06/Aug/2025:22:00:40 +0000] "DELETE /index.html HTTP/1.1" 201 3964 "curl/7.64.1"
192.168.1.10 - - [06/Aug/2025:22:07:31 +0000] "DELETE /assets/style.css HTTP/1.1" 502 2340 "Mozilla/5.0 (Macintosh; Intel Mac OS X 10_15_7)"
198.51.100.22 - - [06/Aug/2025:22:55:54 +0000] "POST /api/data HTTP/1.1" 200 2778 "Mozilla/5.0 (Windows NT 10.0; Win64; x64)"
198.51.100.22 - - [06/Aug/2025:21:14:48 +0000] "POST /assets/style.css HTTP/1.1" 200 1410 "PostmanRuntime/7.28.4"
10.0.0.5 - - [06/Aug/2025:22:10:15 +0000] "DELETE / HTTP/1.1" 201 1275 "PostmanRuntime/7.28.4"
10.0.0.5 - - [06/Aug/2025:22:27:20 +0000] "DELETE / HTTP/1.1" 301 2032 "Mozilla/5.0 (Windows NT 10.0; Win64; x64)"
198.51.100.22 - - [06/Aug/2025:22:37:30 +0000] "DELETE /index.html HTTP/1.1" 201 775 "PostmanRuntime/7.28.4"
10.0.0.5 - - [06/Aug/2025:22:12:40 +0000] "GET / HTTP/1.1" 200 1751 "Mozilla/5.0 (Macintosh; Intel Mac OS X 10_15_7)"
198.51.100.22 - - [06/Aug/2025:21:20:42 +0000] "DELETE /api/data HTTP/1.1" 200 713 "curl/7.64.1"
10.0.0.5 - - [06/Aug/2025:22:06:57 +0000] "POST / HTTP/1.1" 200 4277 "PostmanRuntime/7.28.4"
192.168.1.10 - - [06/Aug/2025:21:15:26 +0000] "PUT /login HTTP/1.1" 301 1014 "Mozilla/5.0 (Macintosh; Intel Mac OS X 10_15_7)"
10.0.0.5 - - [06/Aug/2025:22:53:00 +0000] "DELETE /api/data HTTP/1.1" 404 1960 "Mozilla/5.0 (Macintosh; Intel Mac OS X 10_15_7)"
198.51.100.22 - - [06/Aug/2025:21:14:18 +0000] "PUT /assets/style.css HTTP/1.1" 404 3716 "PostmanRuntime/7.28.4"
203.0.113.76 - - [06/Aug/2025:21:54:33 +0000] "DELETE / HTTP/1.1" 201 4497 "curl/7.64.1"
203.0.113.76 - - [06/Aug/2025:21:23:54 +0000] "DELETE /login HTTP/1.1" 200 571 "Mozilla/5.0 (Macintosh; Intel Mac OS X 10_15_7)"
10.0.0.5 - - [06/Aug/2025:22:09:21 +0000] "POST /login HTTP/1.1" 404 3529 "Mozilla/5.0 (Macintosh; Intel Mac OS X 10_15_7)"
198.51.100.22 - - [06/Aug/2025:22:10:17 +0000] "DELETE / HTTP/1.1" 301 1392 "curl/7.64.1"
203.0.113.76 - - [06/Aug/2025:22:44:43 +0000] "GET /index.html HTTP/1.1" 301 3405 "curl/7.64.1"
203.0.113.76 - - [06/Aug/2025:21:17:42 +0000] "PUT /login HTTP/1.1" 502 3989 "PostmanRuntime/7.28.4"
192.168.1.10 - - [06/Aug/2025:22:00:56 +0000] "POST / HTTP/1.1" 200 3374 "Mozilla/5.0 (Windows NT 10.0; Win64; x64)"
10.0.0.5 - - [06/Aug/2025:21:45:33 +0000] "PUT /dashboard HTTP/1.1" 403 2190 "PostmanRuntime/7.28.4"
203.0.113.76 - - [06/Aug/2025:21:57:10 +0000] "POST /index.html HTTP/1.1" 404 1931 "Mozilla/5.0 (Macintosh; Intel Mac OS X 10_15_7)"
10.0.0.5 - - [06/Aug/2025:22:03:28 +0000] "DELETE /dashboard HTTP/1.1" 301 3403 "Mozilla/5.0 (Macintosh; Intel Mac OS X 10_15_7)"
198.51.100.22 - - [06/Aug/2025:21:26:29 +0000] "GET / HTTP/1.1" 200 3480 "Mozilla/5.0 (Windows NT 10.0; Win64; x64)"
198.51.100.22 - - [06/Aug/2025:21:57:24 +0000] "POST /login HTTP/1.1" 301 3961 "PostmanRuntime/7.28.4"
10.0.0.5 - - [06/Aug/2025:22:36:29 +0000] "POST / HTTP/1.1" 200 2144 "Mozilla/5.0 (Windows NT 10.0; Win64; x64)"
10.0.0.5 - - [06/Aug/2025:21:27:27 +0000] "PUT /index.html HTTP/1.1" 201 1152 "Mozilla/5.0 (Windows NT 10.0; Win64; x64)"
203.0.113.76 - - [06/Aug/2025:22:16:57 +0000] "POST / HTTP/1.1" 403 2266 "curl/7.64.1"
10.0.0.5 - - [06/Aug/2025:21:17:16 +0000] "GET /login HTTP/1.1" 200 1461 "PostmanRuntime/7.28.4"
10.0.0.5 - - [06/Aug/2025:22:35:19 +0000] "GET /api/data HTTP/1.1" 201 1705 "Mozilla/5.0 (Macintosh; Intel Mac OS X 10_15_7)"
10.0.0.5 - - [06/Aug/2025:21:15:52 +0000] "DELETE /api/data HTTP/1.1" 404 4696 "PostmanRuntime/7.28.4"
172.16.0.3 - - [06/Aug/2025:22:33:07 +0000] "DELETE /dashboard HTTP/1.1" 200 4249 "curl/7.64.1"
203.0.113.76 - - [06/Aug/2025:21:36:11 +0000] "DELETE /dashboard HTTP/1.1" 301 1843 "curl/7.64.1"
203.0.113.76 - - [06/Aug/2025:22:28:22 +0000] "PUT /index.html HTTP/1.1" 200 2093 "PostmanRuntime/7.28.4"
203.0.113.76 - - [06/Aug/2025:22:34:42 +0000] "GET / HTTP/1.1" 201 1541 "Mozilla/5.0 (Macintosh; Intel Mac OS X 10_15_7)"
198.51.100.22 - - [06/Aug/2025:22:57:35 +0000] "GET /api/data HTTP/1.1" 201 2366 "curl/7.64.1"
10.0.0.5 - - [06/Aug/2025:21:24:47 +0000] "GET /login HTTP/1.1" 200 2907 "Mozilla/5.0 (Windows NT 10.0; Win64; x64)"
10.0.0.5 - - [06/Aug/2025:22:20:11 +0000] "POST /index.html HTTP/1.1" 200 3211 "PostmanRuntime/7.28.4"
10.0.0.5 - - [06/Aug/2025:22:20:34 +0000] "POST /login HTTP/1.1" 200 3329 "PostmanRuntime/7.28.4"
203.0.113.76 - - [06/Aug/2025:22:01:41 +0000] "POST /dashboard HTTP/1.1" 201 2533 "Mozilla/5.0 (Windows NT 10.0; Win64; x64)"
198.51.100.22 - - [06/Aug/2025:22:23:36 +0000] "POST /api/data HTTP/1.1" 404 2744 "Mozilla/5.0 (Macintosh; Intel Mac OS X 10_15_7)"
198.51.100.22 - - [06/Aug/2025:22:59:38 +0000] "PUT /dashboard HTTP/1.1" 301 3940 "Mozilla/5.0 (Macintosh; Intel Mac OS X 10_15_7)"
172.16.0.3 - - [06/Aug/2025:21:48:59 +0000] "POST /login HTTP/1.1" 502 1980 "Mozilla/5.0 (Macintosh; Intel Mac OS X 10_15_7)"
172.16.0.3 - - [06/Aug/2025:21:03:16 +0000] "DELETE /api/data HTTP/1.1" 201 950 "curl/7.64.1"
192.168.1.10 - - [06/Aug/2025:22:54:28 +0000] "POST /index.html HTTP/1.1" 200 3604 "PostmanRuntime/7.28.4"
198.51.100.22 - - [06/Aug/2025:22:30:46 +0000] "PUT /api/data HTTP/1.1" 200 3670 "Mozilla/5.0 (Macintosh; Intel Mac OS X 10_15_7)"
198.51.100.22 - - [06/Aug/2025:21:07:37 +0000] "POST /api/data HTTP/1.1" 500 3378 "PostmanRuntime/7.28.4"
192.168.1.10 - - [06/Aug/2025:22:18:33 +0000] "GET /api/data HTTP/1.1" 502 3721 "Mozilla/5.0 (Windows NT 10.0; Win64; x64)"
10.0.0.5 - - [06/Aug/2025:22:39:34 +0000] "DELETE /index.html HTTP/1.1" 400 2723 "Mozilla/5.0 (Macintosh; Intel Mac OS X 10_15_7)"
203.0.113.76 - - [06/Aug/2025:21:28:00 +0000] "DELETE /login HTTP/1.1" 301 3577 "Mozilla/5.0 (Windows NT 10.0; Win64; x64)"
192.168.1.10 - - [06/Aug/2025:21:35:46 +0000] "PUT /dashboard HTTP/1.1" 301 4641 "PostmanRuntime/7.28.4"
203.0.113.76 - - [06/Aug/2025:21:43:52 +0000] "DELETE /index.html HTTP/1.1" 301 1947 "Mozilla/5.0 (Windows NT 10.0; Win64; x64)"
10.0.0.5 - - [06/Aug/2025:21:27:34 +0000] "GET /api/data HTTP/1.1" 201 3736 "Mozilla/5.0 (Macintosh; Intel Mac OS X 10_15_7)"
198.51.100.22 - - [06/Aug/2025:21:54:07 +0000] "PUT /login HTTP/1.1" 301 4791 "Mozilla/5.0 (Macintosh; Intel Mac OS X 10_15_7)"
198.51.100.22 - - [06/Aug/2025:22:24:37 +0000] "DELETE /dashboard HTTP/1.1" 500 4697 "curl/7.64.1"
172.16.0.3 - - [06/Aug/2025:21:20:26 +0000] "GET /dashboard HTTP/1.1" 403 2140 "Mozilla/5.0 (Windows NT 10.0; Win64; x64)"
203.0.113.76 - - [06/Aug/2025:21:49:31 +0000] "POST / HTTP/1.1" 404 2816 "curl/7.64.1"
172.16.0.3 - - [06/Aug/2025:22:11:04 +0000] "DELETE / HTTP/1.1" 200 1477 "Mozilla/5.0 (Windows NT 10.0; Win64; x64)"
203.0.113.76 - - [06/Aug/2025:22:32:33 +0000] "PUT /assets/style.css HTTP/1.1" 502 3812 "curl/7.64.1"
172.16.0.3 - - [06/Aug/2025:22:07:27 +0000] "DELETE /assets/style.css HTTP/1.1" 301 536 "Mozilla/5.0 (Windows NT 10.0; Win64; x64)"
172.16.0.3 - - [06/Aug/2025:21:05:22 +0000] "DELETE /api/data HTTP/1.1" 201 975 "PostmanRuntime/7.28.4"
192.168.1.10 - - [06/Aug/2025:21:00:45 +0000] "PUT /api/data HTTP/1.1" 404 2225 "PostmanRuntime/7.28.4"
10.0.0.5 - - [06/Aug/2025:22:17:58 +0000] "PUT /assets/style.css HTTP/1.1" 502 2767 "curl/7.64.1"
203.0.113.76 - - [06/Aug/2025:22:18:46 +0000] "POST /index.html HTTP/1.1" 502 3455 "PostmanRuntime/7.28.4"
172.16.0.3 - - [06/Aug/2025:22:52:07 +0000] "PUT / HTTP/1.1" 400 4555 "Mozilla/5.0 (Macintosh; Intel Mac OS X 10_15_7)"
203.0.113.76 - - [06/Aug/2025:21:51:37 +0000] "PUT /dashboard HTTP/1.1" 301 2742 "curl/7.64.1"
10.0.0.5 - - [06/Aug/2025:21:42:41 +0000] "POST /api/data HTTP/1.1" 201 4724 "PostmanRuntime/7.28.4"
203.0.113.76 - - [06/Aug/2025:21:52:10 +0000] "DELETE / HTTP/1.1" 200 787 "curl/7.64.1"
198.51.100.22 - - [06/Aug/2025:21:44:02 +0000] "PUT /login HTTP/1.1" 200 4465 "curl/7.64.1"
172.16.0.3 - - [06/Aug/2025:22:29:14 +0000] "DELETE /assets/style.css HTTP/1.1" 301 1281 "PostmanRuntime/7.28.4"
198.51.100.22 - - [06/Aug/2025:22:23:54 +0000] "GET /api/data HTTP/1.1" 301 679 "curl/7.64.1"
203.0.113.76 - - [06/Aug/2025:21:50:24 +0000] "GET /index.html HTTP/1.1" 201 3470 "Mozilla/5.0 (Macintosh; Intel Mac OS X 10_15_7)"
198.51.100.22 - - [06/Aug/2025:21:24:42 +0000] "POST / HTTP/1.1" 301 4681 "PostmanRuntime/7.28.4"
198.51.100.22 - - [06/Aug/2025:21:41:45 +0000] "PUT /index.html HTTP/1.1" 400 4215 "PostmanRuntime/7.28.4"
198.51.100.22 - - [06/Aug/2025:21:16:44 +0000] "PUT /login HTTP/1.1" 200 1160 "curl/7.64.1"
172.16.0.3 - - [06/Aug/2025:22:48:08 +0000] "GET /dashboard HTTP/1.1" 200 843 "Mozilla/5.0 (Macintosh; Intel Mac OS X 10_15_7)"
198.51.100.22 - - [06/Aug/2025:21:04:00 +0000] "DELETE /index.html HTTP/1.1" 403 3563 "PostmanRuntime/7.28.4"
10.0.0.5 - - [06/Aug/2025:22:10:22 +0000] "PUT /login HTTP/1.1" 301 2983 "curl/7.64.1"
10.0.0.5 - - [06/Aug/2025:21:12:22 +0000] "PUT /dashboard HTTP/1.1" 404 2155 "Mozilla/5.0 (Windows NT 10.0; Win64; x64)"
203.0.113.76 - - [06/Aug/2025:21:12:29 +0000] "GET / HTTP/1.1" 201 3372 "Mozilla/5.0 (Windows NT 10.0; Win64; x64)"
172.16.0.3 - - [06/Aug/2025:22:02:57 +0000] "POST / HTTP/1.1" 201 3980 "PostmanRuntime/7.28.4"
192.168.1.10 - - [06/Aug/2025:21:23:16 +0000] "PUT /dashboard HTTP/1.1" 200 1846 "Mozilla/5.0 (Macintosh; Intel Mac OS X 10_15_7)"
198.51.100.22 - - [06/Aug/2025:22:46:32 +0000] "POST /login HTTP/1.1" 201 3276 "Mozilla/5.0 (Macintosh; Intel Mac OS X 10_15_7)"
10.0.0.5 - - [06/Aug/2025:22:16:55 +0000] "PUT /api/data HTTP/1.1" 200 2797 "curl/7.64.1"
192.168.1.10 - - [06/Aug/2025:22:26:37 +0000] "POST / HTTP/1.1" 301 2381 "PostmanRuntime/7.28.4"
10.0.0.5 - - [06/Aug/2025:21:51:53 +0000] "DELETE /login HTTP/1.1" 301 1813 "PostmanRuntime/7.28.4"
203.0.113.76 - - [06/Aug/2025:21:19:02 +0000] "GET /dashboard HTTP/1.1" 200 2104 "Mozilla/5.0 (Windows NT 10.0; Win64; x64)"
10.0.0.5 - - [06/Aug/2025:21:31:43 +0000] "POST /api/data HTTP/1.1" 201 1687 "PostmanRuntime/7.28.4"
172.16.0.3 - - [06/Aug/2025:22:14:16 +0000] "GET /api/data HTTP/1.1" 201 1831 "Mozilla/5.0 (Windows NT 10.0; Win64; x64)"
172.16.0.3 - - [06/Aug/2025:22:42:30 +0000] "GET /login HTTP/1.1" 200 2591 "Mozilla/5.0 (Macintosh; Intel Mac OS X 10_15_7)"
192.168.1.10 - - [06/Aug/2025:22:29:00 +0000] "DELETE /login HTTP/1.1" 201 2985 "curl/7.64.1"
198.51.100.22 - - [06/Aug/2025:21:19:15 +0000] "DELETE / HTTP/1.1" 201 4655 "PostmanRuntime/7.28.4"
10.0.0.5 - - [06/Aug/2025:22:57:01 +0000] "DELETE / HTTP/1.1" 403 3277 "curl/7.64.1"
198.51.100.22 - - [06/Aug/2025:21:16:56 +0000] "GET /login HTTP/1.1" 200 1751 "Mozilla/5.0 (Windows NT 10.0; Win64; x64)"
172.16.0.3 - - [06/Aug/2025:21:45:57 +0000] "PUT /login HTTP/1.1" 301 2369 "Mozilla/5.0 (Windows NT 10.0; Win64; x64)"
203.0.113.76 - - [06/Aug/2025:21:20:23 +0000] "POST /api/data HTTP/1.1" 301 2192 "PostmanRuntime/7.28.4"
192.168.1.10 - - [06/Aug/2025:21:03:33 +0000] "GET /api/data HTTP/1.1" 200 600 "Mozilla/5.0 (Windows NT 10.0; Win64; x64)"
10.0.0.5 - - [06/Aug/2025:22:04:51 +0000] "DELETE / HTTP/1.1" 403 4464 "Mozilla/5.0 (Windows NT 10.0; Win64; x64)"
198.51.100.22 - - [06/Aug/2025:21:04:50 +0000] "DELETE / HTTP/1.1" 201 4383 "Mozilla/5.0 (Windows NT 10.0; Win64; x64)"
172.16.0.3 - - [06/Aug/2025:21:43:31 +0000] "POST /assets/style.css HTTP/1.1" 200 1723 "curl/7.64.1"
10.0.0.5 - - [06/Aug/2025:21:55:49 +0000] "DELETE /assets/style.css HTTP/1.1" 201 3911 "Mozilla/5.0 (Macintosh; Intel Mac OS X 10_15_7)"
203.0.113.76 - - [06/Aug/2025:21:00:11 +0000] "POST /dashboard HTTP/1.1" 201 756 "curl/7.64.1"
10.0.0.5 - - [06/Aug/2025:21:44:24 +0000] "POST /assets/style.css HTTP/1.1" 500 3892 "Mozilla/5.0 (Windows NT 10.0; Win64; x64)"
198.51.100.22 - - [06/Aug/2025:22:40:13 +0000] "GET /assets/style.css HTTP/1.1" 500 2291 "PostmanRuntime/7.28.4"
198.51.100.22 - - [06/Aug/2025:21:00:04 +0000] "POST /login HTTP/1.1" 301 1315 "PostmanRuntime/7.28.4"
198.51.100.22 - - [06/Aug/2025:22:18:25 +0000] "PUT / HTTP/1.1" 200 1683 "PostmanRuntime/7.28.4"
198.51.100.22 - - [06/Aug/2025:21:26:29 +0000] "GET /dashboard HTTP/1.1" 201 3645 "curl/7.64.1"
10.0.0.5 - - [06/Aug/2025:22:59:22 +0000] "DELETE /assets/style.css HTTP/1.1" 403 3415 "Mozilla/5.0 (Windows NT 10.0; Win64; x64)"
172.16.0.3 - - [06/Aug/2025:22:00:26 +0000] "GET /dashboard HTTP/1.1" 301 1274 "Mozilla/5.0 (Windows NT 10.0; Win64; x64)"
203.0.113.76 - - [06/Aug/2025:22:17:53 +0000] "GET /login HTTP/1.1" 201 2138 "Mozilla/5.0 (Macintosh; Intel Mac OS X 10_15_7)"
192.168.1.10 - - [06/Aug/2025:21:25:35 +0000] "PUT /index.html HTTP/1.1" 301 4597 "PostmanRuntime/7.28.4"
198.51.100.22 - - [06/Aug/2025:21:15:22 +0000] "PUT /assets/style.css HTTP/1.1" 201 1244 "PostmanRuntime/7.28.4"
198.51.100.22 - - [06/Aug/2025:22:10:16 +0000] "POST /assets/style.css HTTP/1.1" 301 1050 "curl/7.64.1"
203.0.113.76 - - [06/Aug/2025:21:39:17 +0000] "POST /dashboard HTTP/1.1" 200 2888 "Mozilla/5.0 (Macintosh; Intel Mac OS X 10_15_7)"
192.168.1.10 - - [06/Aug/2025:21:10:17 +0000] "PUT /api/data HTTP/1.1" 404 4052 "Mozilla/5.0 (Windows NT 10.0; Win64; x64)"
203.0.113.76 - - [06/Aug/2025:21:23:24 +0000] "PUT /dashboard HTTP/1.1" 201 4950 "Mozilla/5.0 (Windows NT 10.0; Win64; x64)"
203.0.113.76 - - [06/Aug/2025:22:26:18 +0000] "POST /index.html HTTP/1.1" 403 3694 "curl/7.64.1"
172.16.0.3 - - [06/Aug/2025:21:19:57 +0000] "GET /api/data HTTP/1.1" 301 731 "curl/7.64.1"
10.0.0.5 - - [06/Aug/2025:22:13:03 +0000] "POST /index.html HTTP/1.1" 301 3715 "Mozilla/5.0 (Windows NT 10.0; Win64; x64)"
203.0.113.76 - - [06/Aug/2025:22:30:57 +0000] "POST /index.html HTTP/1.1" 301 1935 "Mozilla/5.0 (Macintosh; Intel Mac OS X 10_15_7)"
10.0.0.5 - - [06/Aug/2025:22:37:16 +0000] "DELETE /assets/style.css HTTP/1.1" 403 4545 "PostmanRuntime/7.28.4"
172.16.0.3 - - [06/Aug/2025:21:25:07 +0000] "PUT / HTTP/1.1" 200 1522 "Mozilla/5.0 (Windows NT 10.0; Win64; x64)"
192.168.1.10 - - [06/Aug/2025:21:28:04 +0000] "PUT /api/data HTTP/1.1" 200 1448 "Mozilla/5.0 (Macintosh; Intel Mac OS X 10_15_7)"
172.16.0.3 - - [06/Aug/2025:21:32:21 +0000] "POST /api/data HTTP/1.1" 200 3854 "curl/7.64.1"
10.0.0.5 - - [06/Aug/2025:22:45:54 +0000] "PUT /index.html HTTP/1.1" 404 2596 "Mozilla/5.0 (Windows NT 10.0; Win64; x64)"
203.0.113.76 - - [06/Aug/2025:21:03:50 +0000] "PUT /dashboard HTTP/1.1" 201 4624 "curl/7.64.1"
192.168.1.10 - - [06/Aug/2025:22:59:00 +0000] "PUT / HTTP/1.1" 201 4290 "curl/7.64.1"
172.16.0.3 - - [06/Aug/2025:22:04:08 +0000] "PUT /index.html HTTP/1.1" 301 1145 "Mozilla/5.0 (Macintosh; Intel Mac OS X 10_15_7)"
203.0.113.76 - - [06/Aug/2025:22:16:14 +0000] "PUT /index.html HTTP/1.1" 502 4324 "curl/7.64.1"
198.51.100.22 - - [06/Aug/2025:21:30:45 +0000] "DELETE /api/data HTTP/1.1" 301 3518 "Mozilla/5.0 (Windows NT 10.0; Win64; x64)"
172.16.0.3 - - [06/Aug/2025:22:45:19 +0000] "DELETE /api/data HTTP/1.1" 301 1933 "curl/7.64.1"
198.51.100.22 - - [06/Aug/2025:22:30:30 +0000] "POST /api/data HTTP/1.1" 301 1982 "Mozilla/5.0 (Macintosh; Intel Mac OS X 10_15_7)"
203.0.113.76 - - [06/Aug/2025:21:07:24 +0000] "DELETE /login HTTP/1.1" 201 4952 "Mozilla/5.0 (Macintosh; Intel Mac OS X 10_15_7)"
192.168.1.10 - - [06/Aug/2025:21:59:04 +0000] "POST /login HTTP/1.1" 200 3412 "PostmanRuntime/7.28.4"
203.0.113.76 - - [06/Aug/2025:21:08:08 +0000] "POST /dashboard HTTP/1.1" 201 2506 "Mozilla/5.0 (Macintosh; Intel Mac OS X 10_15_7)"
192.168.1.10 - - [06/Aug/2025:21:37:39 +0000] "POST /login HTTP/1.1" 200 2551 "Mozilla/5.0 (Macintosh; Intel Mac OS X 10_15_7)"
192.168.1.10 - - [06/Aug/2025:21:45:05 +0000] "PUT /index.html HTTP/1.1" 301 4721 "Mozilla/5.0 (Windows NT 10.0; Win64; x64)"
198.51.100.22 - - [06/Aug/2025:22:41:17 +0000] "PUT /api/data HTTP/1.1" 502 4979 "Mozilla/5.0 (Windows NT 10.0; Win64; x64)"
192.168.1.10 - - [06/Aug/2025:21:47:18 +0000] "GET /login HTTP/1.1" 500 2688 "curl/7.64.1"
10.0.0.5 - - [06/Aug/2025:21:46:52 +0000] "DELETE /api/data HTTP/1.1" 200 1714 "PostmanRuntime/7.28.4"
198.51.100.22 - - [06/Aug/2025:22:50:09 +0000] "GET /api/data HTTP/1.1" 200 1356 "curl/7.64.1"
203.0.113.76 - - [06/Aug/2025:22:57:57 +0000] "PUT /assets/style.css HTTP/1.1" 301 1598 "Mozilla/5.0 (Windows NT 10.0; Win64; x64)"
172.16.0.3 - - [06/Aug/2025:22:15:00 +0000] "POST /dashboard HTTP/1.1" 404 4928 "Mozilla/5.0 (Windows NT 10.0; Win64; x64)"
10.0.0.5 - - [06/Aug/2025:22:30:00 +0000] "PUT /login HTTP/1.1" 301 635 "PostmanRuntime/7.28.4"
10.0.0.5 - - [06/Aug/2025:22:08:59 +0000] "DELETE /login HTTP/1.1" 200 1467 "PostmanRuntime/7.28.4"
192.168.1.10 - - [06/Aug/2025:21:10:50 +0000] "DELETE /assets/style.css HTTP/1.1" 201 3617 "Mozilla/5.0 (Macintosh; Intel Mac OS X 10_15_7)"
192.168.1.10 - - [06/Aug/2025:21:34:10 +0000] "POST /api/data HTTP/1.1" 200 1722 "Mozilla/5.0 (Windows NT 10.0; Win64; x64)"
192.168.1.10 - - [06/Aug/2025:22:52:35 +0000] "POST / HTTP/1.1" 200 4398 "Mozilla/5.0 (Macintosh; Intel Mac OS X 10_15_7)"
172.16.0.3 - - [06/Aug/2025:21:44:38 +0000] "GET /login HTTP/1.1" 201 2602 "Mozilla/5.0 (Windows NT 10.0; Win64; x64)"
172.16.0.3 - - [06/Aug/2025:21:48:31 +0000] "GET /index.html HTTP/1.1" 201 3783 "Mozilla/5.0 (Windows NT 10.0; Win64; x64)"
203.0.113.76 - - [06/Aug/2025:21:13:53 +0000] "PUT / HTTP/1.1" 201 622 "Mozilla/5.0 (Windows NT 10.0; Win64; x64)"
10.0.0.5 - - [06/Aug/2025:21:13:39 +0000] "GET /index.html HTTP/1.1" 201 693 "PostmanRuntime/7.28.4"
203.0.113.76 - - [06/Aug/2025:21:53:21 +0000] "POST / HTTP/1.1" 301 3738 "PostmanRuntime/7.28.4"
203.0.113.76 - - [06/Aug/2025:21:26:19 +0000] "GET /dashboard HTTP/1.1" 400 3032 "Mozilla/5.0 (Windows NT 10.0; Win64; x64)"
192.168.1.10 - - [06/Aug/2025:22:43:39 +0000] "PUT / HTTP/1.1" 502 3565 "curl/7.64.1"
198.51.100.22 - - [06/Aug/2025:22:09:02 +0000] "DELETE /login HTTP/1.1" 201 3763 "Mozilla/5.0 (Windows NT 10.0; Win64; x64)"
198.51.100.22 - - [06/Aug/2025:22:14:24 +0000] "DELETE /api/data HTTP/1.1" 301 3262 "PostmanRuntime/7.28.4"
10.0.0.5 - - [06/Aug/2025:21:46:04 +0000] "PUT /dashboard HTTP/1.1" 200 1443 "PostmanRuntime/7.28.4"
198.51.100.22 - - [06/Aug/2025:22:52:07 +0000] "PUT /assets/style.css HTTP/1.1" 301 912 "curl/7.64.1"
172.16.0.3 - - [06/Aug/2025:22:03:02 +0000] "POST /api/data HTTP/1.1" 201 1180 "PostmanRuntime/7.28.4"
198.51.100.22 - - [06/Aug/2025:22:06:07 +0000] "DELETE /index.html HTTP/1.1" 502 3874 "Mozilla/5.0 (Macintosh; Intel Mac OS X 10_15_7)"
203.0.113.76 - - [06/Aug/2025:21:12:56 +0000] "DELETE /dashboard HTTP/1.1" 301 3603 "curl/7.64.1"
198.51.100.22 - - [06/Aug/2025:22:19:31 +0000] "POST /index.html HTTP/1.1" 400 2419 "Mozilla/5.0 (Macintosh; Intel Mac OS X 10_15_7)"
198.51.100.22 - - [06/Aug/2025:22:52:03 +0000] "GET / HTTP/1.1" 403 4006 "Mozilla/5.0 (Macintosh; Intel Mac OS X 10_15_7)"
192.168.1.10 - - [06/Aug/2025:22:10:34 +0000] "POST /index.html HTTP/1.1" 201 4619 "PostmanRuntime/7.28.4"
192.168.1.10 - - [06/Aug/2025:21:42:23 +0000] "POST /dashboard HTTP/1.1" 403 3368 "curl/7.64.1"
10.0.0.5 - - [06/Aug/2025:22:09:58 +0000] "DELETE /login HTTP/1.1" 200 2271 "Mozilla/5.0 (Macintosh; Intel Mac OS X 10_15_7)"
192.168.1.10 - - [06/Aug/2025:21:56:46 +0000] "PUT /api/data HTTP/1.1" 400 2831 "PostmanRuntime/7.28.4"
198.51.100.22 - - [06/Aug/2025:22:02:11 +0000] "PUT /api/data HTTP/1.1" 404 4161 "Mozilla/5.0 (Windows NT 10.0; Win64; x64)"
172.16.0.3 - - [06/Aug/2025:21:39:59 +0000] "POST /assets/style.css HTTP/1.1" 201 2765 "Mozilla/5.0 (Windows NT 10.0; Win64; x64)"
203.0.113.76 - - [06/Aug/2025:21:33:26 +0000] "DELETE /index.html HTTP/1.1" 200 1954 "PostmanRuntime/7.28.4"
