203.0.113.76 - - [06/Aug/2025:22:57:00 +0000] "POST /assets/style.css HTTP/1.1" 301 2077 "Mozilla/5.0 (Windows NT 10.0; Win64; x64)"
172.16.0.3 - - [06/Aug/2025:22:09:55 +0000] "PUT / HTTP/1.1" 201 3383 "curl/7.64.1"
172.16.0.3 - - [06/Aug/2025:22:49:05 +0000] "GET /login HTTP/1.1" 200 1774 "Mozilla/5.0 (Macintosh; Intel Mac OS X 10_15_7)"
172.16.0.3 - - [06/Aug/2025:22:53:34 +0000] "PUT /assets/style.css HTTP/1.1" 502 4304 "PostmanRuntime/7.28.4"
203.0.113.76 - - [06/Aug/2025:21:42:24 +0000] "PUT /api/data HTTP/1.1" 301 4420 "PostmanRuntime/7.28.4"
172.16.0.3 - - [06/Aug/2025:21:48:44 +0000] "POST / HTTP/1.1" 200 4571 "Mozilla/5.0 (Macintosh; Intel Mac OS X 10_15_7)"
172.16.0.3 - - [06/Aug/2025:21:00:50 +0000] "POST /api/data HTTP/1.1" 301 3427 "PostmanRuntime/7.28.4"
10.0.0.5 - - [06/Aug/2025:21:52:09 +0000] "PUT / HTTP/1.1" 502 3584 "curl/7.64.1"
192.168.1.10 - - [06/Aug/2025:21:52:49 +0000] "DELETE / HTTP/1.1" 301 1677 "curl/7.64.1"
192.168.1.10 - - [06/Aug/2025:21:06:25 +0000] "DELETE / HTTP/1.1" 201 4307 "Mozilla/5.0 (Windows NT 10.0; Win64; x64)"
203.0.113.76 - - [06/Aug/2025:21:31:13 +0000] "GET /assets/style.css HTTP/1.1" 201 731 "curl/7.64.1"
10.0.0.5 - - [06/Aug/2025:22:11:14 +0000] "POST /api/data HTTP/1.1" 500 3361 "Mozilla/5.0 (Windows NT 10.0; Win64; x64)"
203.0.113.76 - - [06/Aug/2025:22:22:39 +0000] "DELETE /api/data HTTP/1.1" 301 786 "Mozilla/5.0 (Macintosh; Intel Mac OS X 10_15_7)"
10.0.0.5 - - [06/Aug/2025:22:49:30 +0000] "DELETE /index.html HTTP/1.1" 201 3424 "Mozilla/5.0 (Windows NT 10.0; Win64; x64)"
10.0.0.5 - - [06/Aug/2025:22:14:13 +0000] "GET / HTTP/1.1" 201 4112 "curl/7.64.1"
192.168.1.10 - - [06/Aug/2025:22:41:44 +0000] "PUT /dashboard HTTP/1.1" 301 1936 "Mozilla/5.0 (Windows NT 10.0; Win64; x64)"
203.0.113.76 - - [06/Aug/2025:22:38:17 +0000] "DELETE /dashboard HTTP/1.1" 200 1179 "Mozilla/5.0 (Macintosh; Intel Mac OS X 10_15_7)"
198.51.100.22 - - [06/Aug/2025:21:38:49 +0000] "POST /index.html HTTP/1.1" 301 852 "curl/7.64.1"
203.0.113.76 - - [06/Aug/2025:22:02:00 +0000] "GET /assets/style.css HTTP/1.1" 301 3074 "Mozilla/5.0 (Windows NT 10.0; Win64; x64)"
10.0.0.5 - - [06/Aug/2025:21:45:09 +0000] "GET /index.html HTTP/1.1" 403 4142 "Mozilla/5.0 (Macintosh; Intel Mac OS X 10_15_7)"
172.16.0.3 - - [06/Aug/2025:22:36:26 +0000] "DELETE /index.html HTTP/1.1" 301 3798 "Mozilla/5.0 (Macintosh; Intel Mac OS X 10_15_7)"
192.168.1.10 - - [06/Aug/2025:21:57:42 +0000] "POST /dashboard HTTP/1.1" 500 3971 "PostmanRuntime/7.28.4"
198.51.100.22 - - [06/Aug/2025:22:07:59 +0000] "DELETE /assets/style.css HTTP/1.1" 301 1383 "curl/7.64.1"
203.0.113.76 - - [06/Aug/2025:21:14:36 +0000] "GET /login HTTP/1.1" 403 2291 "Mozilla/5.0 (Windows NT 10.0; Win64; x64)"
203.0.113.76 - - [06/Aug/2025:22:17:57 +0000] "POST /dashboard HTTP/1.1" 200 4264 "Mozilla/5.0 (Windows NT 10.0; Win64; x64)"
198.51.100.22 - - [06/Aug/2025:21:19:35 +0000] "DELETE / HTTP/1.1" 200 2017 "curl/7.64.1"
172.16.0.3 - - [06/Aug/2025:22:50:53 +0000] "DELETE /login HTTP/1.1" 200 3146 "PostmanRuntime/7.28.4"
192.168.1.10 - - [06/Aug/2025:21:48:59 +0000] "GET /assets/style.css HTTP/1.1" 200 3208 "curl/7.64.1"
172.16.0.3 - - [06/Aug/2025:21:34:08 +0000] "PUT /assets/style.css HTTP/1.1" 301 840 "PostmanRuntime/7.28.4"
172.16.0.3 - - [06/Aug/2025:22:34:37 +0000] "PUT /api/data HTTP/1.1" 201 2143 "PostmanRuntime/7.28.4"
198.51.100.22 - - [06/Aug/2025:21:21:19 +0000] "GET /login HTTP/1.1" 502 3627 "PostmanRuntime/7.28.4"
192.168.1.10 - - [06/Aug/2025:21:16:48 +0000] "POST / HTTP/1.1" 200 1062 "Mozilla/5.0 (Windows NT 10.0; Win64; x64)"
10.0.0.5 - - [06/Aug/2025:22:03:20 +0000] "GET /login HTTP/1.1" 200 3269 "PostmanRuntime/7.28.4"
198.51.100.22 - - [06/Aug/2025:22:28:40 +0000] "GET /api/data HTTP/1.1" 200 4791 "Mozilla/5.0 (Macintosh; Intel Mac OS X 10_15_7)"
10.0.0.5 - - [06/Aug/2025:21:00:16 +0000] "DELETE /assets/style.css HTTP/1.1" 200 1265 "Mozilla/5.0 (Macintosh; Intel Mac OS X 10_15_7)"
198.51.100.22 - - [06/Aug/2025:22:50:29 +0000] "DELETE /dashboard HTTP/1.1" 201 2352 "PostmanRuntime/7.28.4"
10.0.0.5 - - [06/Aug/2025:21:05:30 +0000] "PUT / HTTP/1.1" 200 1369 "curl/7.64.1"
203.0.113.76 - - [06/Aug/2025:22:34:17 +0000] "DELETE /dashboard HTTP/1.1" 201 4501 "Mozilla/5.0 (Macintosh; Intel Mac OS X 10_15_7)"
172.16.0.3 - - [06/Aug/2025:22:54:05 +0000] "GET /dashboard HTTP/1.1" 502 2297 "Mozilla/5.0 (Macintosh; Intel Mac OS X 10_15_7)"
172.16.0.3 - - [06/Aug/2025:22:47:13 +0000] "DELETE /login HTTP/1.1" 502 1822 "Mozilla/5.0 (Macintosh; Intel Mac OS X 10_15_7)"
192.168.1.10 - - [06/Aug/2025:21:50:32 +0000] "PUT /api/data HTTP/1.1" 301 3214 "curl/7.64.1"
10.0.0.5 - - [06/Aug/2025:22:25:54 +0000] "POST /index.html HTTP/1.1" 200 500 "curl/7.64.1"
192.168.1.10 - - [06/Aug/2025:22:42:13 +0000] "PUT /dashboard HTTP/1.1" 200 2847 "Mozilla/5.0 (Windows NT 10.0; Win64; x64)"
203.0.113.76 - - [06/Aug/2025:22:42:34 +0000] "PUT / HTTP/1.1" 301 1989 "curl/7.64.1"
172.16.0.3 - - [06/Aug/2025:22:37:07 +0000] "DELETE /dashboard HTTP/1.1" 301 1318 "Mozilla/5.0 (Macintosh; Intel Mac OS X 10_15_7)"
172.16.0.3 - - [06/Aug/2025:22:38:27 +0000] "POST /assets/style.css HTTP/1.1" 400 4688 "Mozilla/5.0 (Macintosh; Intel Mac OS X 10_15_7)"
172.16.0.3 - - [06/Aug/2025:22:40:00 +0000] "POST /assets/style.css HTTP/1.1" 301 1734 "Mozilla/5.0 (Windows NT 10.0; Win64; x64)"
192.168.1.10 - - [06/Aug/2025:21:08:28 +0000] "PUT /dashboard HTTP/1.1" 201 3034 "PostmanRuntime/7.28.4"
172.16.0.3 - - [06/Aug/2025:22:45:25 +0000] "PUT /index.html HTTP/1.1" 301 2451 "Mozilla/5.0 (Windows NT 10.0; Win64; x64)"
192.168.1.10 - - [06/Aug/2025:22:53:04 +0000] "GET /api/data HTTP/1.1" 200 3788 "curl/7.64.1"
198.51.100.22 - - [06/Aug/2025:22:39:47 +0000] "DELETE / HTTP/1.1" 201 4086 "PostmanRuntime/7.28.4"
172.16.0.3 - - [06/Aug/2025:22:54:13 +0000] "DELETE /assets/style.css HTTP/1.1" 400 3811 "Mozilla/5.0 (Windows NT 10.0; Win64; x64)"
10.0.0.5 - - [06/Aug/2025:22:16:03 +0000] "POST /api/data HTTP/1.1" 200 2241 "Mozilla/5.0 (Macintosh; Intel Mac OS X 10_15_7)"
172.16.0.3 - - [06/Aug/2025:22:04:04 +0000] "DELETE /assets/style.css HTTP/1.1" 201 744 "Mozilla/5.0 (Macintosh; Intel Mac OS X 10_15_7)"
192.168.1.10 - - [06/Aug/2025:21:39:38 +0000] "POST /index.html HTTP/1.1" 200 962 "curl/7.64.1"
10.0.0.5 - - [06/Aug/2025:21:34:12 +0000] "POST /api/data HTTP/1.1" 201 1252 "curl/7.64.1"
203.0.113.76 - - [06/Aug/2025:22:18:37 +0000] "PUT /api/data HTTP/1.1" 502 1847 "Mozilla/5.0 (Macintosh; Intel Mac OS X 10_15_7)"
192.168.1.10 - - [06/Aug/2025:21:03:01 +0000] "GET /login HTTP/1.1" 301 2355 "PostmanRuntime/7.28.4"
198.51.100.22 - - [06/Aug/2025:22:43:25 +0000] "GET / HTTP/1.1" 403 4697 "Mozilla/5.0 (Macintosh; Intel Mac OS X 10_15_7)"
203.0.113.76 - - [06/Aug/2025:21:33:17 +0000] "DELETE /index.html HTTP/1.1" 301 2110 "Mozilla/5.0 (Macintosh; Intel Mac OS X 10_15_7)"
172.16.0.3 - - [06/Aug/2025:21:27:07 +0000] "POST /dashboard HTTP/1.1" 201 1929 "curl/7.64.1"
198.51.100.22 - - [06/Aug/2025:21:36:52 +0000] "PUT / HTTP/1.1" 301 3955 "curl/7.64.1"
192.168.1.10 - - [06/Aug/2025:22:01:17 +0000] "DELETE /dashboard HTTP/1.1" 200 2707 "curl/7.64.1"
203.0.113.76 - - [06/Aug/2025:22:36:25 +0000] "DELETE /login HTTP/1.1" 201 1005 "Mozilla/5.0 (Windows NT 10.0; Win64; x64)"
192.168.1.10 - - [06/Aug/2025:21:56:57 +0000] "PUT /dashboard HTTP/1.1" 201 4249 "PostmanRuntime/7.28.4"
10.0.0.5 - - [06/Aug/2025:22:26:42 +0000] "POST /dashboard HTTP/1.1" 200 3260 "Mozilla/5.0 (Windows NT 10.0; Win64; x64)"
172.16.0.3 - - [06/Aug/2025:21:54:18 +0000] "DELETE /login HTTP/1.1" 500 4392 "Mozilla/5.0 (Macintosh; Intel Mac OS X 10_15_7)"
203.0.113.76 - - [06/Aug/2025:21:25:43 +0000] "GET /index.html HTTP/1.1" 502 3045 "Mozilla/5.0 (Windows NT 10.0; Win64; x64)"
172.16.0.3 - - [06/Aug/2025:21:08:05 +0000] "POST /login HTTP/1.1" 400 4838 "Mozilla/5.0 (Windows NT 10.0; Win64; x64)"
198.51.100.22 - - [06/Aug/2025:21:11:30 +0000] "GET /login HTTP/1.1" 301 1397 "Mozilla/5.0 (Macintosh; Intel Mac OS X 10_15_7)"
192.168.1.10 - - [06/Aug/2025:22:52:40 +0000] "DELETE /assets/style.css HTTP/1.1" 201 4303 "curl/7.64.1"
203.0.113.76 - - [06/Aug/2025:21:52:21 +0000] "DELETE /api/data HTTP/1.1" 200 4318 "curl/7.64.1"
10.0.0.5 - - [06/Aug/2025:21:36:56 +0000] "POST /login HTTP/1.1" 301 1016 "Mozilla/5.0 (Macintosh; Intel Mac OS X 10_15_7)"
203.0.113.76 - - [06/Aug/2025:22:49:52 +0000] "POST /index.html HTTP/1.1" 500 4035 "PostmanRuntime/7.28.4"
192.168.1.10 - - [06/Aug/2025:22:35:45 +0000] "GET /api/data HTTP/1.1" 404 4322 "PostmanRuntime/7.28.4"
172.16.0.3 - - [06/Aug/2025:21:14:50 +0000] "DELETE /assets/style.css HTTP/1.1" 201 2144 "Mozilla/5.0 (Windows NT 10.0; Win64; x64)"
203.0.113.76 - - [06/Aug/2025:21:30:35 +0000] "DELETE /assets/style.css HTTP/1.1" 201 2930 "curl/7.64.1"
203.0.113.76 - - [06/Aug/2025:21:19:07 +0000] "POST /index.html HTTP/1.1" 301 2792 "PostmanRuntime/7.28.4"
10.0.0.5 - - [06/Aug/2025:21:32:24 +0000] "PUT /api/data HTTP/1.1" 301 4277 "curl/7.64.1"
10.0.0.5 - - [06/Aug/2025:21:07:43 +0000] "POST /index.html HTTP/1.1" 200 4953 "Mozilla/5.0 (Macintosh; Intel Mac OS X 10_15_7)"
203.0.113.76 - - [06/Aug/2025:21:01:34 +0000] "GET /assets/style.css HTTP/1.1" 301 1227 "PostmanRuntime/7.28.4"
198.51.100.22 - - [06/Aug/2025:22:03:07 +0000] "DELETE /index.html HTTP/1.1" 301 3605 "curl/7.64.1"
172.16.0.3 - - [06/Aug/2025:21:59:21 +0000] "PUT /index.html HTTP/1.1" 201 3248 "Mozilla/5.0 (Macintosh; Intel Mac OS X 10_15_7)"
192.168.1.10 - - [06/Aug/2025:21:31:36 +0000] "GET /api/data HTTP/1.1" 404 2023 "curl/7.64.1"
10.0.0.5 - - [06/Aug/2025:21:03:09 +0000] "POST /api/data HTTP/1.1" 200 4674 "Mozilla/5.0 (Macintosh; Intel Mac OS X 10_15_7)"
198.51.100.22 - - [06/Aug/2025:21:14:42 +0000] "POST /login HTTP/1.1" 200 3005 "Mozilla/5.0 (Macintosh; Intel Mac OS X 10_15_7)"
10.0.0.5 - - [06/Aug/2025:21:01:53 +0000] "POST /assets/style.css HTTP/1.1" 200 3033 "PostmanRuntime/7.28.4"
192.168.1.10 - - [06/Aug/2025:22:18:48 +0000] "POST /assets/style.css HTTP/1.1" 200 4775 "Mozilla/5.0 (Windows NT 10.0; Win64; x64)"
10.0.0.5 - - [06/Aug/2025:21:22:08 +0000] "DELETE /index.html HTTP/1.1" 200 3762 "Mozilla/5.0 (Macintosh; Intel Mac OS X 10_15_7)"
192.168.1.10 - - [06/Aug/2025:21:43:02 +0000] "POST /assets/style.css HTTP/1.1" 301 4471 "Mozilla/5.0 (Windows NT 10.0; Win64; x64)"
172.16.0.3 - - [06/Aug/2025:21:13:37 +0000] "GET /index.html HTTP/1.1" 200 2630 "curl/7.64.1"
10.0.0.5 - - [06/Aug/2025:21:21:19 +0000] "GET /api/data HTTP/1.1" 200 3390 "Mozilla/5.0 (Macintosh; Intel Mac OS X 10_15_7)"
203.0.113.76 - - [06/Aug/2025:21:59:24 +0000] "POST / HTTP/1.1" 301 4888 "Mozilla/5.0 (Macintosh; Intel Mac OS X 10_15_7)"
192.168.1.10 - - [06/Aug/2025:21:07:09 +0000] "POST / HTTP/1.1" 500 2585 "curl/7.64.1"
198.51.100.22 - - [06/Aug/2025:21:21:23 +0000] "PUT / HTTP/1.1" 200 4066 "Mozilla/5.0 (Windows NT 10.0; Win64; x64)"
198.51.100.22 - - [06/Aug/2025:22:00:10 +0000] "GET / HTTP/1.1" 301 1323 "Mozilla/5.0 (Windows NT 10.0; Win64; x64)"
192.168.1.10 - - [06/Aug/2025:21:17:54 +0000] "PUT /assets/style.css HTTP/1.1" 301 4434 "Mozilla/5.0 (Macintosh; Intel Mac OS X 10_15_7)"
192.168.1.10 - - [06/Aug/2025:22:42:51 +0000] "DELETE /assets/style.css HTTP/1.1" 200 4800 "PostmanRuntime/7.28.4"
10.0.0.5 - - [06/Aug/2025:22:51:05 +0000] "PUT /index.html HTTP/1.1" 201 4008 "Mozilla/5.0 (Macintosh; Intel Mac OS X 10_15_7)"
172.16.0.3 - - [06/Aug/2025:22:58:23 +0000] "DELETE /index.html HTTP/1.1" 201 3686 "Mozilla/5.0 (Windows NT 10.0; Win64; x64)"
203.0.113.76 - - [06/Aug/2025:21:37:27 +0000] "POST /dashboard HTTP/1.1" 201 1440 "Mozilla/5.0 (Macintosh; Intel Mac OS X 10_15_7)"
192.168.1.10 - - [06/Aug/2025:22:44:11 +0000] "POST /index.html HTTP/1.1" 201 3817 "curl/7.64.1"
192.168.1.10 - - [06/Aug/2025:22:12:54 +0000] "POST /dashboard HTTP/1.1" 200 2731 "curl/7.64.1"
172.16.0.3 - - [06/Aug/2025:22:35:52 +0000] "PUT /assets/style.css HTTP/1.1" 301 3424 "PostmanRuntime/7.28.4"
10.0.0.5 - - [06/Aug/2025:22:18:48 +0000] "POST /login HTTP/1.1" 301 3650 "curl/7.64.1"
10.0.0.5 - - [06/Aug/2025:22:21:44 +0000] "GET /assets/style.css HTTP/1.1" 400 4142 "PostmanRuntime/7.28.4"
192.168.1.10 - - [06/Aug/2025:22:35:15 +0000] "PUT /api/data HTTP/1.1" 404 2099 "Mozilla/5.0 (Macintosh; Intel Mac OS X 10_15_7)"
10.0.0.5 - - [06/Aug/2025:21:52:49 +0000] "POST /index.html HTTP/1.1" 200 4102 "Mozilla/5.0 (Macintosh; Intel Mac OS X 10_15_7)"
198.51.100.22 - - [06/Aug/2025:21:38:46 +0000] "DELETE /login HTTP/1.1" 201 4354 "curl/7.64.1"
198.51.100.22 - - [06/Aug/2025:22:12:01 +0000] "GET /index.html HTTP/1.1" 301 2403 "Mozilla/5.0 (Windows NT 10.0; Win64; x64)"
10.0.0.5 - - [06/Aug/2025:21:50:17 +0000] "GET /index.html HTTP/1.1" 200 2831 "PostmanRuntime/7.28.4"
198.51.100.22 - - [06/Aug/2025:22:12:02 +0000] "PUT /login HTTP/1.1" 201 690 "curl/7.64.1"
10.0.0.5 - - [06/Aug/2025:22:38:12 +0000] "DELETE /api/data HTTP/1.1" 200 926 "PostmanRuntime/7.28.4"
198.51.100.22 - - [06/Aug/2025:22:45:54 +0000] "DELETE /api/data HTTP/1.1" 200 3152 "curl/7.64.1"
198.51.100.22 - - [06/Aug/2025:21:29:30 +0000] "DELETE /dashboard HTTP/1.1" 404 2762 "Mozilla/5.0 (Macintosh; Intel Mac OS X 10_15_7)"