10.0.0.5 - - [06/Aug/2025:21:25:00 +0000] "POST /dashboard HTTP/1.1" 404 3876 "curl/7.64.1"
198.51.100.22 - - [06/Aug/2025:21:25:27 +0000] "GET /index.html HTTP/1.1" 201 2898 "Mozilla/5.0 (Windows NT 10.0; Win64; x64)"
10.0.0.5 - - [06/Aug/2025:22:51:55 +0000] "GET /login HTTP/1.1" 403 4897 "PostmanRuntime/7.28.4"
172.16.0.3 - - [06/Aug/2025:21:14:36 +0000] "GET / HTTP/1.1" 201 3662 "Mozilla/5.0 (Macintosh; Intel Mac OS X 10_15_7)"
198.51.100.22 - - [06/Aug/2025:21:27:48 +0000] "PUT /api/data HTTP/1.1" 301 1225 "Mozilla/5.0 (Macintosh; Intel Mac OS X 10_15_7)"
10.0.0.5 - - [06/Aug/2025:22:00:51 +0000] "GET /login HTTP/1.1" 301 2686 "Mozilla/5.0 (Windows NT 10.0; Win64; x64)"
203.0.113.76 - - [06/Aug/2025:21:25:30 +0000] "DELETE /index.html HTTP/1.1" 201 601 "Mozilla/5.0 (Windows NT 10.0; Win64; x64)"
198.51.100.22 - - [06/Aug/2025:22:26:16 +0000] "DELETE /assets/style.css HTTP/1.1" 201 4480 "PostmanRuntime/7.28.4"
172.16.0.3 - - [06/Aug/2025:22:36:20 +0000] "GET / HTTP/1.1" 301 1999 "PostmanRuntime/7.28.4"
192.168.1.10 - - [06/Aug/2025:22:12:02 +0000] "DELETE / HTTP/1.1" 301 5000 "Mozilla/5.0 (Windows NT 10.0; Win64; x64)"
172.16.0.3 - - [06/Aug/2025:22:23:01 +0000] "POST / HTTP/1.1" 201 1693 "PostmanRuntime/7.28.4"
10.0.0.5 - - [06/Aug/2025:22:51:57 +0000] "POST /login HTTP/1.1" 201 4922 "PostmanRuntime/7.28.4"
10.0.0.5 - - [06/Aug/2025:21:29:08 +0000] "POST /login HTTP/1.1" 200 2439 "curl/7.64.1"
192.168.1.10 - - [06/Aug/2025:22:25:57 +0000] "GET /api/data HTTP/1.1" 200 2971 "PostmanRuntime/7.28.4"
192.168.1.10 - - [06/Aug/2025:21:48:03 +0000] "POST /index.html HTTP/1.1" 200 4777 "PostmanRuntime/7.28.4"
198.51.100.22 - - [06/Aug/2025:22:01:38 +0000] "POST /login HTTP/1.1" 500 3270 "Mozilla/5.0 (Windows NT 10.0; Win64; x64)"
10.0.0.5 - - [06/Aug/2025:22:24:40 +0000] "DELETE /login HTTP/1.1" 403 4651 "curl/7.64.1"
192.168.1.10 - - [06/Aug/2025:22:57:39 +0000] "POST /assets/style.css HTTP/1.1" 201 3620 "PostmanRuntime/7.28.4"
198.51.100.22 - - [06/Aug/2025:22:24:10 +0000] "POST /index.html HTTP/1.1" 201 1914 "curl/7.64.1"
172.16.0.3 - - [06/Aug/2025:22:04:52 +0000] "DELETE /assets/style.css HTTP/1.1" 200 2559 "Mozilla/5.0 (Macintosh; Intel Mac OS X 10_15_7)"
172.16.0.3 - - [06/Aug/2025:22:32:32 +0000] "DELETE /login HTTP/1.1" 500 2184 "Mozilla/5.0 (Windows NT 10.0; Win64; x64)"
203.0.113.76 - - [06/Aug/2025:22:58:08 +0000] "GET /index.html HTTP/1.1" 201 727 "curl/7.64.1"
198.51.100.22 - - [06/Aug/2025:21:33:42 +0000] "DELETE /index.html HTTP/1.1" 200 3568 "Mozilla/5.0 (Windows NT 10.0; Win64; x64)"
198.51.100.22 - - [06/Aug/2025:21:46:13 +0000] "GET /index.html HTTP/1.1" 500 2897 "Mozilla/5.0 (Macintosh; Intel Mac OS X 10_15_7)"
192.168.1.10 - - [06/Aug/2025:21:40:56 +0000] "DELETE /index.html HTTP/1.1" 200 4690 "Mozilla/5.0 (Windows NT 10.0; Win64; x64)"
192.168.1.10 - - [06/Aug/2025:22:07:05 +0000] "PUT /assets/style.css HTTP/1.1" 403 1637 "curl/7.64.1"
10.0.0.5 - - [06/Aug/2025:22:35:52 +0000] "GET /assets/style.css HTTP/1.1" 201 4415 "Mozilla/5.0 (Windows NT 10.0; Win64; x64)"
192.168.1.10 - - [06/Aug/2025:22:17:26 +0000] "GET /dashboard HTTP/1.1" 400 3335 "Mozilla/5.0 (Macintosh; Intel Mac OS X 10_15_7)"
203.0.113.76 - - [06/Aug/2025:21:00:41 +0000] "DELETE / HTTP/1.1" 301 2862 "Mozilla/5.0 (Macintosh; Intel Mac OS X 10_15_7)"
192.168.1.10 - - [06/Aug/2025:22:37:23 +0000] "PUT / HTTP/1.1" 200 3878 "Mozilla/5.0 (Windows NT 10.0; Win64; x64)"
198.51.100.22 - - [06/Aug/2025:22:26:12 +0000] "POST /dashboard HTTP/1.1" 500 1887 "Mozilla/5.0 (Macintosh; Intel Mac OS X 10_15_7)"
172.16.0.3 - - [06/Aug/2025:22:23:25 +0000] "GET /dashboard HTTP/1.1" 301 3298 "Mozilla/5.0 (Windows NT 10.0; Win64; x64)"
198.51.100.22 - - [06/Aug/2025:21:30:53 +0000] "GET / HTTP/1.1" 301 2906 "Mozilla/5.0 (Windows NT 10.0; Win64; x64)"
192.168.1.10 - - [06/Aug/2025:21:54:20 +0000] "GET /index.html HTTP/1.1" 301 2667 "PostmanRuntime/7.28.4"
192.168.1.10 - - [06/Aug/2025:21:50:10 +0000] "GET / HTTP/1.1" 201 1740 "curl/7.64.1"
203.0.113.76 - - [06/Aug/2025:22:32:03 +0000] "DELETE /dashboard HTTP/1.1" 500 2776 "curl/7.64.1"
172.16.0.3 - - [06/Aug/2025:22:30:15 +0000] "POST /api/data HTTP/1.1" 301 2336 "Mozilla/5.0 (Macintosh; Intel Mac OS X 10_15_7)"
192.168.1.10 - - [06/Aug/2025:22:52:30 +0000] "DELETE /index.html HTTP/1.1" 201 3910 "curl/7.64.1"
198.51.100.22 - - [06/Aug/2025:21:54:14 +0000] "PUT /dashboard HTTP/1.1" 201 2992 "Mozilla/5.0 (Macintosh; Intel Mac OS X 10_15_7)"
198.51.100.22 - - [06/Aug/2025:22:58:08 +0000] "GET /index.html HTTP/1.1" 201 928 "PostmanRuntime/7.28.4"
192.168.1.10 - - [06/Aug/2025:22:16:20 +0000] "GET /assets/style.css HTTP/1.1" 201 3704 "PostmanRuntime/7.28.4"
192.168.1.10 - - [06/Aug/2025:22:51:20 +0000] "GET /dashboard HTTP/1.1" 201 2353 "Mozilla/5.0 (Windows NT 10.0; Win64; x64)"
203.0.113.76 - - [06/Aug/2025:22:37:41 +0000] "DELETE /dashboard HTTP/1.1" 201 976 "Mozilla/5.0 (Macintosh; Intel Mac OS X 10_15_7)"
10.0.0.5 - - [06/Aug/2025:21:02:27 +0000] "GET / HTTP/1.1" 301 2842 "Mozilla/5.0 (Macintosh; Intel Mac OS X 10_15_7)"
203.0.113.76 - - [06/Aug/2025:22:29:02 +0000] "GET /login HTTP/1.1" 201 1154 "curl/7.64.1"
192.168.1.10 - - [06/Aug/2025:22:11:38 +0000] "GET /login HTTP/1.1" 301 1344 "Mozilla/5.0 (Windows NT 10.0; Win64; x64)"
198.51.100.22 - - [06/Aug/2025:22:19:31 +0000] "POST / HTTP/1.1" 201 2979 "curl/7.64.1"
198.51.100.22 - - [06/Aug/2025:21:50:26 +0000] "POST / HTTP/1.1" 201 4979 "PostmanRuntime/7.28.4"
172.16.0.3 - - [06/Aug/2025:22:38:16 +0000] "POST /dashboard HTTP/1.1" 200 4846 "Mozilla/5.0 (Macintosh; Intel Mac OS X 10_15_7)"
192.168.1.10 - - [06/Aug/2025:21:58:01 +0000] "PUT /index.html HTTP/1.1" 301 4283 "curl/7.64.1"
172.16.0.3 - - [06/Aug/2025:22:28:54 +0000] "DELETE /api/data HTTP/1.1" 201 3260 "PostmanRuntime/7.28.4"
198.51.100.22 - - [06/Aug/2025:21:34:10 +0000] "GET /api/data HTTP/1.1" 200 4899 "PostmanRuntime/7.28.4"
203.0.113.76 - - [06/Aug/2025:21:23:56 +0000] "GET /login HTTP/1.1" 200 2912 "curl/7.64.1"
10.0.0.5 - - [06/Aug/2025:22:51:30 +0000] "DELETE /index.html HTTP/1.1" 301 1902 "Mozilla/5.0 (Windows NT 10.0; Win64; x64)"
203.0.113.76 - - [06/Aug/2025:21:32:07 +0000] "POST /login HTTP/1.1" 200 4361 "curl/7.64.1"
192.168.1.10 - - [06/Aug/2025:22:46:34 +0000] "PUT / HTTP/1.1" 404 4901 "Mozilla/5.0 (Macintosh; Intel Mac OS X 10_15_7)"
192.168.1.10 - - [06/Aug/2025:21:23:38 +0000] "PUT /assets/style.css HTTP/1.1" 301 3671 "Mozilla/5.0 (Macintosh; Intel Mac OS X 10_15_7)"
172.16.0.3 - - [06/Aug/2025:21:08:00 +0000] "DELETE /index.html HTTP/1.1" 301 2711 "PostmanRuntime/7.28.4"
172.16.0.3 - - [06/Aug/2025:22:25:22 +0000] "POST /api/data HTTP/1.1" 301 1208 "Mozilla/5.0 (Macintosh; Intel Mac OS X 10_15_7)"
172.16.0.3 - - [06/Aug/2025:22:56:30 +0000] "DELETE /assets/style.css HTTP/1.1" 201 4087 "PostmanRuntime/7.28.4"
192.168.1.10 - - [06/Aug/2025:22:18:27 +0000] "POST /dashboard HTTP/1.1" 403 4251 "PostmanRuntime/7.28.4"
198.51.100.22 - - [06/Aug/2025:21:33:58 +0000] "GET /assets/style.css HTTP/1.1" 502 2316 "curl/7.64.1"
10.0.0.5 - - [06/Aug/2025:22:52:57 +0000] "PUT /login HTTP/1.1" 400 2002 "PostmanRuntime/7.28.4"
198.51.100.22 - - [06/Aug/2025:22:30:10 +0000] "DELETE /index.html HTTP/1.1" 301 731 "Mozilla/5.0 (Macintosh; Intel Mac OS X 10_15_7)"
172.16.0.3 - - [06/Aug/2025:22:54:04 +0000] "DELETE /login HTTP/1.1" 201 1990 "Mozilla/5.0 (Windows NT 10.0; Win64; x64)"
203.0.113.76 - - [06/Aug/2025:22:36:02 +0000] "PUT /index.html HTTP/1.1" 200 3165 "curl/7.64.1"
192.168.1.10 - - [06/Aug/2025:22:50:35 +0000] "POST /assets/style.css HTTP/1.1" 502 4670 "PostmanRuntime/7.28.4"
10.0.0.5 - - [06/Aug/2025:22:16:25 +0000] "DELETE /login HTTP/1.1" 301 1705 "curl/7.64.1"
203.0.113.76 - - [06/Aug/2025:21:26:31 +0000] "GET / HTTP/1.1" 200 4126 "Mozilla/5.0 (Macintosh; Intel Mac OS X 10_15_7)"
198.51.100.22 - - [06/Aug/2025:22:44:44 +0000] "DELETE /api/data HTTP/1.1" 201 4648 "PostmanRuntime/7.28.4"
203.0.113.76 - - [06/Aug/2025:22:10:28 +0000] "POST /assets/style.css HTTP/1.1" 301 3222 "curl/7.64.1"
198.51.100.22 - - [06/Aug/2025:22:10:58 +0000] "PUT /assets/style.css HTTP/1.1" 301 1527 "PostmanRuntime/7.28.4"
203.0.113.76 - - [06/Aug/2025:22:59:54 +0000] "GET / HTTP/1.1" 301 4676 "curl/7.64.1"
198.51.100.22 - - [06/Aug/2025:22:55:21 +0000] "DELETE /assets/style.css HTTP/1.1" 200 1319 "Mozilla/5.0 (Windows NT 10.0; Win64; x64)"
203.0.113.76 - - [06/Aug/2025:21:41:10 +0000] "DELETE /assets/style.css HTTP/1.1" 201 553 "curl/7.64.1"
192.168.1.10 - - [06/Aug/2025:22:40:41 +0000] "PUT /assets/style.css HTTP/1.1" 201 1699 "Mozilla/5.0 (Macintosh; Intel Mac OS X 10_15_7)"
198.51.100.22 - - [06/Aug/2025:22:04:43 +0000] "DELETE /dashboard HTTP/1.1" 403 1746 "Mozilla/5.0 (Macintosh; Intel Mac OS X 10_15_7)"
203.0.113.76 - - [06/Aug/2025:22:08:13 +0000] "POST / HTTP/1.1" 400 3825 "Mozilla/5.0 (Macintosh; Intel Mac OS X 10_15_7)"
172.16.0.3 - - [06/Aug/2025:21:11:27 +0000] "DELETE /assets/style.css HTTP/1.1" 201 2614 "PostmanRuntime/7.28.4"
192.168.1.10 - - [06/Aug/2025:22:18:38 +0000] "POST /login HTTP/1.1" 201 2735 "curl/7.64.1"
203.0.113.76 - - [06/Aug/2025:21:20:20 +0000] "POST /login HTTP/1.1" 301 2358 "Mozilla/5.0 (Macintosh; Intel Mac OS X 10_15_7)"
203.0.113.76 - - [06/Aug/2025:21:55:16 +0000] "POST /api/data HTTP/1.1" 200 3598 "Mozilla/5.0 (Windows NT 10.0; Win64; x64)"
192.168.1.10 - - [06/Aug/2025:21:35:06 +0000] "PUT /api/data HTTP/1.1" 200 2969 "PostmanRuntime/7.28.4"
172.16.0.3 - - [06/Aug/2025:22:08:37 +0000] "DELETE /login HTTP/1.1" 301 1628 "PostmanRuntime/7.28.4"
172.16.0.3 - - [06/Aug/2025:21:40:16 +0000] "DELETE / HTTP/1.1" 200 2366 "PostmanRuntime/7.28.4"
10.0.0.5 - - [06/Aug/2025:22:03:40 +0000] "DELETE / HTTP/1.1" 201 3882 "curl/7.64.1"
10.0.0.5 - - [06/Aug/2025:21:42:59 +0000] "PUT / HTTP/1.1" 301 831 "PostmanRuntime/7.28.4"
192.168.1.10 - - [06/Aug/2025:21:34:35 +0000] "POST / HTTP/1.1" 200 4440 "PostmanRuntime/7.28.4"
192.168.1.10 - - [06/Aug/2025:21:05:23 +0000] "DELETE / HTTP/1.1" 200 2404 "Mozilla/5.0 (Macintosh; Intel Mac OS X 10_15_7)"
10.0.0.5 - - [06/Aug/2025:22:52:38 +0000] "PUT /login HTTP/1.1" 301 1260 "curl/7.64.1"
198.51.100.22 - - [06/Aug/2025:22:33:59 +0000] "POST / HTTP/1.1" 201 4968 "Mozilla/5.0 (Windows NT 10.0; Win64; x64)"
198.51.100.22 - - [06/Aug/2025:22:05:05 +0000] "GET /login HTTP/1.1" 301 609 "Mozilla/5.0 (Windows NT 10.0; Win64; x64)"
192.168.1.10 - - [06/Aug/2025:22:16:39 +0000] "GET /assets/style.css HTTP/1.1" 200 805 "Mozilla/5.0 (Windows NT 10.0; Win64; x64)"
198.51.100.22 - - [06/Aug/2025:21:19:33 +0000] "POST /login HTTP/1.1" 301 3098 "PostmanRuntime/7.28.4"
10.0.0.5 - - [06/Aug/2025:22:10:19 +0000] "POST / HTTP/1.1" 201 2196 "Mozilla/5.0 (Windows NT 10.0; Win64; x64)"
10.0.0.5 - - [06/Aug/2025:22:27:18 +0000] "PUT / HTTP/1.1" 301 1480 "Mozilla/5.0 (Windows NT 10.0; Win64; x64)"
172.16.0.3 - - [06/Aug/2025:21:10:11 +0000] "DELETE /assets/style.css HTTP/1.1" 200 4644 "Mozilla/5.0 (Macintosh; Intel Mac OS X 10_15_7)"
10.0.0.5 - - [06/Aug/2025:22:43:54 +0000] "POST /assets/style.css HTTP/1.1" 201 1371 "curl/7.64.1"
172.16.0.3 - - [06/Aug/2025:21:05:18 +0000] "POST /dashboard HTTP/1.1" 301 2815 "Mozilla/5.0 (Windows NT 10.0; Win64; x64)"
192.168.1.10 - - [06/Aug/2025:21:24:07 +0000] "POST /dashboard HTTP/1.1" 200 3845 "Mozilla/5.0 (Windows NT 10.0; Win64; x64)"
198.51.100.22 - - [06/Aug/2025:21:36:40 +0000] "GET /api/data HTTP/1.1" 404 3186 "curl/7.64.1"
172.16.0.3 - - [06/Aug/2025:21:43:52 +0000] "POST /index.html HTTP/1.1" 200 3169 "Mozilla/5.0 (Macintosh; Intel Mac OS X 10_15_7)"
172.16.0.3 - - [06/Aug/2025:21:16:45 +0000] "POST /login HTTP/1.1" 200 2818 "PostmanRuntime/7.28.4"
198.51.100.22 - - [06/Aug/2025:21:00:33 +0000] "DELETE /api/data HTTP/1.1" 201 4922 "Mozilla/5.0 (Windows NT 10.0; Win64; x64)"
172.16.0.3 - - [06/Aug/2025:22:46:59 +0000] "GET /login HTTP/1.1" 201 907 "Mozilla/5.0 (Macintosh; Intel Mac OS X 10_15_7)"
192.168.1.10 - - [06/Aug/2025:22:57:03 +0000] "GET /login HTTP/1.1" 201 4551 "Mozilla/5.0 (Macintosh; Intel Mac OS X 10_15_7)"
172.16.0.3 - - [06/Aug/2025:21:39:59 +0000] "DELETE / HTTP/1.1" 200 2139 "Mozilla/5.0 (Windows NT 10.0; Win64; x64)"
203.0.113.76 - - [06/Aug/2025:21:33:12 +0000] "GET /index.html HTTP/1.1" 301 4744 "Mozilla/5.0 (Windows NT 10.0; Win64; x64)"
172.16.0.3 - - [06/Aug/2025:21:49:12 +0000] "DELETE /assets/style.css HTTP/1.1" 201 4628 "Mozilla/5.0 (Macintosh; Intel Mac OS X 10_15_7)"
198.51.100.22 - - [06/Aug/2025:21:04:54 +0000] "POST / HTTP/1.1" 200 4916 "Mozilla/5.0 (Windows NT 10.0; Win64; x64)"
198.51.100.22 - - [06/Aug/2025:22:33:12 +0000] "GET / HTTP/1.1" 301 2597 "curl/7.64.1"
203.0.113.76 - - [06/Aug/2025:22:40:34 +0000] "PUT /assets/style.css HTTP/1.1" 404 4088 "Mozilla/5.0 (Macintosh; Intel Mac OS X 10_15_7)"
192.168.1.10 - - [06/Aug/2025:22:01:55 +0000] "DELETE /dashboard HTTP/1.1" 301 2766 "Mozilla/5.0 (Macintosh; Intel Mac OS X 10_15_7)"
10.0.0.5 - - [06/Aug/2025:22:06:30 +0000] "POST /login HTTP/1.1" 201 1272 "Mozilla/5.0 (Macintosh; Intel Mac OS X 10_15_7)"
192.168.1.10 - - [06/Aug/2025:21:52:30 +0000] "PUT /assets/style.css HTTP/1.1" 301 2438 "Mozilla/5.0 (Windows NT 10.0; Win64; x64)"
10.0.0.5 - - [06/Aug/2025:21:59:13 +0000] "GET /login HTTP/1.1" 403 3861 "Mozilla/5.0 (Windows NT 10.0; Win64; x64)"
198.51.100.22 - - [06/Aug/2025:22:45:44 +0000] "POST /dashboard HTTP/1.1" 200 2176 "curl/7.64.1"
10.0.0.5 - - [06/Aug/2025:22:02:42 +0000] "GET /login HTTP/1.1" 400 3521 "Mozilla/5.0 (Windows NT 10.0; Win64; x64)"
10.0.0.5 - - [06/Aug/2025:22:15:34 +0000] "POST / HTTP/1.1" 201 2704 "PostmanRuntime/7.28.4"
172.16.0.3 - - [06/Aug/2025:21:13:42 +0000] "DELETE /index.html HTTP/1.1" 200 3108 "Mozilla/5.0 (Macintosh; Intel Mac OS X 10_15_7)"
198.51.100.22 - - [06/Aug/2025:22:30:04 +0000] "POST / HTTP/1.1" 200 1202 "PostmanRuntime/7.28.4"
192.168.1.10 - - [06/Aug/2025:22:48:59 +0000] "POST /api/data HTTP/1.1" 201 3360 "Mozilla/5.0 (Macintosh; Intel Mac OS X 10_15_7)"
203.0.113.76 - - [06/Aug/2025:22:53:21 +0000] "GET / HTTP/1.1" 301 934 "curl/7.64.1"
203.0.113.76 - - [06/Aug/2025:21:58:09 +0000] "PUT /assets/style.css HTTP/1.1" 201 1711 "PostmanRuntime/7.28.4"
172.16.0.3 - - [06/Aug/2025:22:28:05 +0000] "GET /index.html HTTP/1.1" 301 674 "Mozilla/5.0 (Macintosh; Intel Mac OS X 10_15_7)"
10.0.0.5 - - [06/Aug/2025:22:05:35 +0000] "GET /dashboard HTTP/1.1" 301 4825 "Mozilla/5.0 (Macintosh; Intel Mac OS X 10_15_7)"
10.0.0.5 - - [06/Aug/2025:22:05:53 +0000] "POST /index.html HTTP/1.1" 404 2268 "PostmanRuntime/7.28.4"
192.168.1.10 - - [06/Aug/2025:21:01:44 +0000] "PUT / HTTP/1.1" 500 2697 "Mozilla/5.0 (Macintosh; Intel Mac OS X 10_15_7)"
10.0.0.5 - - [06/Aug/2025:21:26:43 +0000] "GET /login HTTP/1.1" 301 1642 "Mozilla/5.0 (Macintosh; Intel Mac OS X 10_15_7)"
10.0.0.5 - - [06/Aug/2025:22:04:12 +0000] "POST / HTTP/1.1" 200 1317 "Mozilla/5.0 (Macintosh; Intel Mac OS X 10_15_7)"
192.168.1.10 - - [06/Aug/2025:22:43:04 +0000] "PUT /api/data HTTP/1.1" 200 1895 "curl/7.64.1"
10.0.0.5 - - [06/Aug/2025:22:19:34 +0000] "PUT /dashboard HTTP/1.1" 201 709 "Mozilla/5.0 (Windows NT 10.0; Win64; x64)"
172.16.0.3 - - [06/Aug/2025:21:49:13 +0000] "POST /dashboard HTTP/1.1" 201 1825 "Mozilla/5.0 (Macintosh; Intel Mac OS X 10_15_7)"
192.168.1.10 - - [06/Aug/2025:21:37:52 +0000] "GET /assets/style.css HTTP/1.1" 200 1082 "Mozilla/5.0 (Macintosh; Intel Mac OS X 10_15_7)"
203.0.113.76 - - [06/Aug/2025:22:24:19 +0000] "PUT /assets/style.css HTTP/1.1" 200 1570 "PostmanRuntime/7.28.4"
192.168.1.10 - - [06/Aug/2025:22:18:19 +0000] "DELETE /api/data HTTP/1.1" 301 2919 "Mozilla/5.0 (Macintosh; Intel Mac OS X 10_15_7)"
172.16.0.3 - - [06/Aug/2025:21:55:50 +0000] "GET /login HTTP/1.1" 200 2007 "Mozilla/5.0 (Macintosh; Intel Mac OS X 10_15_7)"
192.168.1.10 - - [06/Aug/2025:22:18:45 +0000] "POST /api/data HTTP/1.1" 201 4650 "curl/7.64.1"
203.0.113.76 - - [06/Aug/2025:22:11:02 +0000] "DELETE /api/data HTTP/1.1" 200 2735 "Mozilla/5.0 (Windows NT 10.0; Win64; x64)"
172.16.0.3 - - [06/Aug/2025:22:25:00 +0000] "PUT /assets/style.css HTTP/1.1" 301 1933 "PostmanRuntime/7.28.4"
172.16.0.3 - - [06/Aug/2025:22:50:43 +0000] "PUT /api/data HTTP/1.1" 502 3623 "PostmanRuntime/7.28.4"
10.0.0.5 - - [06/Aug/2025:21:37:57 +0000] "GET /login HTTP/1.1" 301 2070 "curl/7.64.1"
172.16.0.3 - - [06/Aug/2025:21:20:04 +0000] "DELETE /index.html HTTP/1.1" 301 1372 "curl/7.64.1"
172.16.0.3 - - [06/Aug/2025:22:21:30 +0000] "PUT /assets/style.css HTTP/1.1" 400 1688 "curl/7.64.1"
203.0.113.76 - - [06/Aug/2025:21:29:00 +0000] "DELETE /assets/style.css HTTP/1.1" 201 3197 "Mozilla/5.0 (Macintosh; Intel Mac OS X 10_15_7)"
10.0.0.5 - - [06/Aug/2025:21:31:05 +0000] "GET /api/data HTTP/1.1" 502 3420 "Mozilla/5.0 (Windows NT 10.0; Win64; x64)"
172.16.0.3 - - [06/Aug/2025:22:43:54 +0000] "GET /dashboard HTTP/1.1" 200 4724 "Mozilla/5.0 (Macintosh; Intel Mac OS X 10_15_7)"
10.0.0.5 - - [06/Aug/2025:21:59:12 +0000] "GET / HTTP/1.1" 200 1143 "Mozilla/5.0 (Windows NT 10.0; Win64; x64)"
192.168.1.10 - - [06/Aug/2025:21:08:16 +0000] "POST /login HTTP/1.1" 201 1728 "curl/7.64.1"
203.0.113.76 - - [06/Aug/2025:21:00:16 +0000] "PUT /api/data HTTP/1.1" 200 3023 "curl/7.64.1"
192.168.1.10 - - [06/Aug/2025:21:53:47 +0000] "POST /api/data HTTP/1.1" 200 1866 "curl/7.64.1"
192.168.1.10 - - [06/Aug/2025:21:29:44 +0000] "DELETE /index.html HTTP/1.1" 200 2511 "Mozilla/5.0 (Windows NT 10.0; Win64; x64)"
10.0.0.5 - - [06/Aug/2025:22:08:11 +0000] "GET /api/data HTTP/1.1" 200 4877 "PostmanRuntime/7.28.4"
192.168.1.10 - - [06/Aug/2025:22:13:08 +0000] "GET /login HTTP/1.1" 500 3974 "Mozilla/5.0 (Macintosh; Intel Mac OS X 10_15_7)"
10.0.0.5 - - [06/Aug/2025:21:48:03 +0000] "DELETE /assets/style.css HTTP/1.1" 201 3699 "PostmanRuntime/7.28.4"
10.0.0.5 - - [06/Aug/2025:22:25:16 +0000] "DELETE /assets/style.css HTTP/1.1" 200 3785 "curl/7.64.1"
192.168.1.10 - - [06/Aug/2025:22:22:17 +0000] "DELETE / HTTP/1.1" 201 4757 "PostmanRuntime/7.28.4"
192.168.1.10 - - [06/Aug/2025:22:40:46 +0000] "PUT /dashboard HTTP/1.1" 200 4513 "curl/7.64.1"
10.0.0.5 - - [06/Aug/2025:22:54:56 +0000] "GET /dashboard HTTP/1.1" 201 3517 "Mozilla/5.0 (Windows NT 10.0; Win64; x64)"
198.51.100.22 - - [06/Aug/2025:22:27:15 +0000] "PUT / HTTP/1.1" 200 2533 "curl/7.64.1"
203.0.113.76 - - [06/Aug/2025:22:07:47 +0000] "GET /api/data HTTP/1.1" 200 1010 "PostmanRuntime/7.28.4"
172.16.0.3 - - [06/Aug/2025:22:04:00 +0000] "GET /assets/style.css HTTP/1.1" 201 2542 "PostmanRuntime/7.28.4"
172.16.0.3 - - [06/Aug/2025:21:45:09 +0000] "POST /assets/style.css HTTP/1.1" 301 1448 "PostmanRuntime/7.28.4"
10.0.0.5 - - [06/Aug/2025:22:26:53 +0000] "POST /index.html HTTP/1.1" 200 2211 "Mozilla/5.0 (Macintosh; Intel Mac OS X 10_15_7)"
198.51.100.22 - - [06/Aug/2025:22:26:33 +0000] "PUT / HTTP/1.1" 500 2084 "Mozilla/5.0 (Windows NT 10.0; Win64; x64)"
192.168.1.10 - - [06/Aug/2025:22:29:50 +0000] "POST /assets/style.css HTTP/1.1" 404 3920 "curl/7.64.1"
203.0.113.76 - - [06/Aug/2025:21:00:05 +0000] "DELETE /dashboard HTTP/1.1" 403 2764 "Mozilla/5.0 (Windows NT 10.0; Win64; x64)"
192.168.1.10 - - [06/Aug/2025:21:40:12 +0000] "PUT /login HTTP/1.1" 201 1880 "curl/7.64.1"
172.16.0.3 - - [06/Aug/2025:22:18:15 +0000] "POST /api/data HTTP/1.1" 200 3041 "PostmanRuntime/7.28.4"
198.51.100.22 - - [06/Aug/2025:21:48:43 +0000] "DELETE /assets/style.css HTTP/1.1" 301 635 "Mozilla/5.0 (Windows NT 10.0; Win64; x64)"
192.168.1.10 - - [06/Aug/2025:21:32:28 +0000] "GET /index.html HTTP/1.1" 301 3799 "curl/7.64.1"
203.0.113.76 - - [06/Aug/2025:21:17:06 +0000] "GET /index.html HTTP/1.1" 201 3819 "PostmanRuntime/7.28.4"
192.168.1.10 - - [06/Aug/2025:22:06:37 +0000] "PUT /api/data HTTP/1.1" 200 2231 "curl/7.64.1"
198.51.100.22 - - [06/Aug/2025:22:48:40 +0000] "POST /assets/style.css HTTP/1.1" 403 4368 "curl/7.64.1"
203.0.113.76 - - [06/Aug/2025:21:18:49 +0000] "GET /login HTTP/1.1" 201 1579 "Mozilla/5.0 (Macintosh; Intel Mac OS X 10_15_7)"
198.51.100.22 - - [06/Aug/2025:21:27:49 +0000] "PUT /login HTTP/1.1" 200 1081 "Mozilla/5.0 (Macintosh; Intel Mac OS X 10_15_7)"
10.0.0.5 - - [06/Aug/2025:22:46:53 +0000] "PUT /api/data HTTP/1.1" 201 4823 "curl/7.64.1"
203.0.113.76 - - [06/Aug/2025:21:47:01 +0000] "POST / HTTP/1.1" 400 4463 "curl/7.64.1"
198.51.100.22 - - [06/Aug/2025:22:14:27 +0000] "GET /index.html HTTP/1.1" 301 500 "Mozilla/5.0 (Windows NT 10.0; Win64; x64)"
203.0.113.76 - - [06/Aug/2025:22:50:26 +0000] "DELETE / HTTP/1.1" 200 1320 "Mozilla/5.0 (Windows NT 10.0; Win64; x64)"
198.51.100.22 - - [06/Aug/2025:21:40:19 +0000] "POST / HTTP/1.1" 301 2558 "Mozilla/5.0 (Windows NT 10.0; Win64; x64)"
203.0.113.76 - - [06/Aug/2025:21:12:25 +0000] "PUT /dashboard HTTP/1.1" 301 4010 "curl/7.64.1"
192.168.1.10 - - [06/Aug/2025:22:48:56 +0000] "PUT /login HTTP/1.1" 500 1759 "PostmanRuntime/7.28.4"
10.0.0.5 - - [06/Aug/2025:22:02:02 +0000] "PUT /index.html HTTP/1.1" 500 2838 "Mozilla/5.0 (Windows NT 10.0; Win64; x64)"
192.168.1.10 - - [06/Aug/2025:22:29:39 +0000] "POST /index.html HTTP/1.1" 201 1098 "PostmanRuntime/7.28.4"
198.51.100.22 - - [06/Aug/2025:21:27:40 +0000] "DELETE /assets/style.css HTTP/1.1" 200 652 "PostmanRuntime/7.28.4"
10.0.0.5 - - [06/Aug/2025:21:10:51 +0000] "POST / HTTP/1.1" 404 1931 "PostmanRuntime/7.28.4"
198.51.100.22 - - [06/Aug/2025:21:14:32 +0000] "DELETE /dashboard HTTP/1.1" 400 1779 "PostmanRuntime/7.28.4"
198.51.100.22 - - [06/Aug/2025:22:15:08 +0000] "POST /api/data HTTP/1.1" 404 4457 "curl/7.64.1"
203.0.113.76 - - [06/Aug/2025:22:59:20 +0000] "DELETE /assets/style.css HTTP/1.1" 400 3173 "PostmanRuntime/7.28.4"
198.51.100.22 - - [06/Aug/2025:22:47:57 +0000] "PUT /index.html HTTP/1.1" 502 2374 "Mozilla/5.0 (Windows NT 10.0; Win64; x64)"
192.168.1.10 - - [06/Aug/2025:22:36:51 +0000] "DELETE /api/data HTTP/1.1" 201 2298 "PostmanRuntime/7.28.4"
198.51.100.22 - - [06/Aug/2025:22:39:37 +0000] "DELETE /dashboard HTTP/1.1" 404 2388 "Mozilla/5.0 (Macintosh; Intel Mac OS X 10_15_7)"
198.51.100.22 - - [06/Aug/2025:21:30:17 +0000] "PUT /index.html HTTP/1.1" 403 2200 "curl/7.64.1"
198.51.100.22 - - [06/Aug/2025:22:39:45 +0000] "GET /login HTTP/1.1" 200 2485 "PostmanRuntime/7.28.4"
192.168.1.10 - - [06/Aug/2025:22:44:12 +0000] "GET /assets/style.css HTTP/1.1" 301 3279 "Mozilla/5.0 (Macintosh; Intel Mac OS X 10_15_7)"
172.16.0.3 - - [06/Aug/2025:22:29:01 +0000] "DELETE /api/data HTTP/1.1" 200 3880 "Mozilla/5.0 (Macintosh; Intel Mac OS X 10_15_7)"
172.16.0.3 - - [06/Aug/2025:22:46:06 +0000] "DELETE / HTTP/1.1" 200 2879 "PostmanRuntime/7.28.4"
10.0.0.5 - - [06/Aug/2025:21:14:52 +0000] "DELETE /index.html HTTP/1.1" 200 4544 "Mozilla/5.0 (Windows NT 10.0; Win64; x64)"
203.0.113.76 - - [06/Aug/2025:21:42:59 +0000] "PUT /index.html HTTP/1.1" 301 1265 "PostmanRuntime/7.28.4"
203.0.113.76 - - [06/Aug/2025:21:20:58 +0000] "PUT / HTTP/1.1" 200 2726 "Mozilla/5.0 (Windows NT 10.0; Win64; x64)"
192.168.1.10 - - [06/Aug/2025:22:19:54 +0000] "GET /index.html HTTP/1.1" 201 1111 "Mozilla/5.0 (Macintosh; Intel Mac OS X 10_15_7)"
172.16.0.3 - - [06/Aug/2025:22:26:10 +0000] "GET /login HTTP/1.1" 403 2896 "PostmanRuntime/7.28.4"
10.0.0.5 - - [06/Aug/2025:22:55:10 +0000] "POST / HTTP/1.1" 201 3300 "PostmanRuntime/7.28.4"
10.0.0.5 - - [06/Aug/2025:22:54:52 +0000] "POST /assets/style.css HTTP/1.1" 200 3026 "Mozilla/5.0 (Macintosh; Intel Mac OS X 10_15_7)"
192.168.1.10 - - [06/Aug/2025:22:17:10 +0000] "GET /dashboard HTTP/1.1" 301 2509 "Mozilla/5.0 (Windows NT 10.0; Win64; x64)"
203.0.113.76 - - [06/Aug/2025:21:53:44 +0000] "PUT /assets/style.css HTTP/1.1" 200 727 "curl/7.64.1"
192.168.1.10 - - [06/Aug/2025:22:34:22 +0000] "PUT /dashboard HTTP/1.1" 200 3102 "curl/7.64.1"
10.0.0.5 - - [06/Aug/2025:22:32:57 +0000] "POST /index.html HTTP/1.1" 403 4698 "curl/7.64.1"
198.51.100.22 - - [06/Aug/2025:22:48:25 +0000] "GET /api/data HTTP/1.1" 502 4997 "Mozilla/5.0 (Macintosh; Intel Mac OS X 10_15_7)"
198.51.100.22 - - [06/Aug/2025:21:13:36 +0000] "DELETE /index.html HTTP/1.1" 201 3467 "Mozilla/5.0 (Windows NT 10.0; Win64; x64)"
10.0.0.5 - - [06/Aug/2025:22:20:04 +0000] "POST /login HTTP/1.1" 301 4213 "curl/7.64.1"
10.0.0.5 - - [06/Aug/2025:21:25:25 +0000] "DELETE /assets/style.css HTTP/1.1" 500 3554 "PostmanRuntime/7.28.4"
192.168.1.10 - - [06/Aug/2025:22:49:03 +0000] "POST /assets/style.css HTTP/1.1" 201 2227 "Mozilla/5.0 (Windows NT 10.0; Win64; x64)"
172.16.0.3 - - [06/Aug/2025:22:49:52 +0000] "PUT /api/data HTTP/1.1" 400 3694 "Mozilla/5.0 (Macintosh; Intel Mac OS X 10_15_7)"
192.168.1.10 - - [06/Aug/2025:22:51:22 +0000] "POST / HTTP/1.1" 301 829 "Mozilla/5.0 (Windows NT 10.0; Win64; x64)"
198.51.100.22 - - [06/Aug/2025:21:42:27 +0000] "GET / HTTP/1.1" 201 1480 "PostmanRuntime/7.28.4"
198.51.100.22 - - [06/Aug/2025:21:16:54 +0000] "GET /dashboard HTTP/1.1" 400 2936 "curl/7.64.1"
198.51.100.22 - - [06/Aug/2025:21:55:50 +0000] "POST / HTTP/1.1" 201 3236 "Mozilla/5.0 (Windows NT 10.0; Win64; x64)"
10.0.0.5 - - [06/Aug/2025:22:40:15 +0000] "POST /api/data HTTP/1.1" 200 3021 "Mozilla/5.0 (Windows NT 10.0; Win64; x64)"
10.0.0.5 - - [06/Aug/2025:22:34:49 +0000] "PUT /login HTTP/1.1" 400 3202 "curl/7.64.1"
172.16.0.3 - - [06/Aug/2025:21:59:47 +0000] "GET /assets/style.css HTTP/1.1" 502 2983 "Mozilla/5.0 (Windows NT 10.0; Win64; x64)"
192.168.1.10 - - [06/Aug/2025:21:36:02 +0000] "POST /assets/style.css HTTP/1.1" 301 2600 "PostmanRuntime/7.28.4"
198.51.100.22 - - [06/Aug/2025:22:45:09 +0000] "POST /dashboard HTTP/1.1" 200 870 "PostmanRuntime/7.28.4"
192.168.1.10 - - [06/Aug/2025:21:45:04 +0000] "PUT /api/data HTTP/1.1" 500 3316 "Mozilla/5.0 (Macintosh; Intel Mac OS X 10_15_7)"
192.168.1.10 - - [06/Aug/2025:22:22:20 +0000] "DELETE /assets/style.css HTTP/1.1" 200 1824 "Mozilla/5.0 (Macintosh; Intel Mac OS X 10_15_7)"
198.51.100.22 - - [06/Aug/2025:21:44:01 +0000] "POST /login HTTP/1.1" 200 2690 "Mozilla/5.0 (Macintosh; Intel Mac OS X 10_15_7)"
198.51.100.22 - - [06/Aug/2025:21:13:05 +0000] "PUT /login HTTP/1.1" 500 4253 "Mozilla/5.0 (Macintosh; Intel Mac OS X 10_15_7)"
192.168.1.10 - - [06/Aug/2025:21:02:04 +0000] "POST / HTTP/1.1" 201 3418 "Mozilla/5.0 (Windows NT 10.0; Win64; x64)"
203.0.113.76 - - [06/Aug/2025:22:54:27 +0000] "GET /api/data HTTP/1.1" 400 3743 "curl/7.64.1"
203.0.113.76 - - [06/Aug/2025:22:06:41 +0000] "POST /api/data HTTP/1.1" 403 2835 "curl/7.64.1"
203.0.113.76 - - [06/Aug/2025:22:40:51 +0000] "GET /index.html HTTP/1.1" 201 2607 "curl/7.64.1"
172.16.0.3 - - [06/Aug/2025:22:01:13 +0000] "GET /dashboard HTTP/1.1" 301 1336 "Mozilla/5.0 (Macintosh; Intel Mac OS X 10_15_7)"
198.51.100.22 - - [06/Aug/2025:21:30:55 +0000] "PUT / HTTP/1.1" 200 2149 "Mozilla/5.0 (Windows NT 10.0; Win64; x64)"
172.16.0.3 - - [06/Aug/2025:21:28:16 +0000] "PUT / HTTP/1.1" 301 3546 "Mozilla/5.0 (Macintosh; Intel Mac OS X 10_15_7)"
192.168.1.10 - - [06/Aug/2025:22:15:18 +0000] "GET /assets/style.css HTTP/1.1" 201 2649 "Mozilla/5.0 (Macintosh; Intel Mac OS X 10_15_7)"
10.0.0.5 - - [06/Aug/2025:22:00:53 +0000] "PUT /login HTTP/1.1" 201 3424 "Mozilla/5.0 (Windows NT 10.0; Win64; x64)"
172.16.0.3 - - [06/Aug/2025:22:39:02 +0000] "DELETE /login HTTP/1.1" 301 3592 "Mozilla/5.0 (Macintosh; Intel Mac OS X 10_15_7)"
198.51.100.22 - - [06/Aug/2025:21:55:15 +0000] "PUT /index.html HTTP/1.1" 403 4750 "PostmanRuntime/7.28.4"
192.168.1.10 - - [06/Aug/2025:22:35:05 +0000] "GET /login HTTP/1.1" 201 4846 "PostmanRuntime/7.28.4"
10.0.0.5 - - [06/Aug/2025:22:06:44 +0000] "DELETE / HTTP/1.1" 502 4977 "curl/7.64.1"
198.51.100.22 - - [06/Aug/2025:21:33:01 +0000] "GET / HTTP/1.1" 200 3377 "Mozilla/5.0 (Windows NT 10.0; Win64; x64)"
203.0.113.76 - - [06/Aug/2025:21:00:21 +0000] "POST / HTTP/1.1" 201 4634 "curl/7.64.1"
203.0.113.76 - - [06/Aug/2025:22:41:07 +0000] "GET /index.html HTTP/1.1" 200 2918 "PostmanRuntime/7.28.4"
10.0.0.5 - - [06/Aug/2025:21:52:22 +0000] "DELETE /assets/style.css HTTP/1.1" 200 1559 "curl/7.64.1"
10.0.0.5 - - [06/Aug/2025:21:34:04 +0000] "PUT /api/data HTTP/1.1" 200 1605 "PostmanRuntime/7.28.4"
172.16.0.3 - - [06/Aug/2025:22:54:25 +0000] "POST /dashboard HTTP/1.1" 200 3832 "curl/7.64.1"
198.51.100.22 - - [06/Aug/2025:21:11:23 +0000] "DELETE /assets/style.css HTTP/1.1" 200 4890 "Mozilla/5.0 (Macintosh; Intel Mac OS X 10_15_7)"
203.0.113.76 - - [06/Aug/2025:21:57:17 +0000] "DELETE /index.html HTTP/1.1" 201 1458 "PostmanRuntime/7.28.4"
10.0.0.5 - - [06/Aug/2025:21:49:14 +0000] "POST /assets/style.css HTTP/1.1" 301 3138 "PostmanRuntime/7.28.4"
198.51.100.22 - - [06/Aug/2025:22:47:59 +0000] "POST /api/data HTTP/1.1" 201 1050 "curl/7.64.1"
198.51.100.22 - - [06/Aug/2025:22:09:27 +0000] "GET /dashboard HTTP/1.1" 301 3843 "curl/7.64.1"
172.16.0.3 - - [06/Aug/2025:21:26:47 +0000] "GET /assets/style.css HTTP/1.1" 502 3383 "PostmanRuntime/7.28.4"
198.51.100.22 - - [06/Aug/2025:21:32:41 +0000] "GET /api/data HTTP/1.1" 201 3433 "curl/7.64.1"
192.168.1.10 - - [06/Aug/2025:22:01:21 +0000] "GET /assets/style.css HTTP/1.1" 201 858 "PostmanRuntime/7.28.4"
203.0.113.76 - - [06/Aug/2025:21:35:35 +0000] "DELETE /index.html HTTP/1.1" 500 4282 "PostmanRuntime/7.28.4"
172.16.0.3 - - [06/Aug/2025:22:33:34 +0000] "POST /dashboard HTTP/1.1" 301 2621 "curl/7.64.1"
203.0.113.76 - - [06/Aug/2025:21:59:47 +0000] "DELETE /dashboard HTTP/1.1" 301 4992 "PostmanRuntime/7.28.4"
203.0.113.76 - - [06/Aug/2025:22:56:38 +0000] "POST /assets/style.css HTTP/1.1" 200 4398 "PostmanRuntime/7.28.4"
198.51.100.22 - - [06/Aug/2025:21:51:40 +0000] "PUT /assets/style.css HTTP/1.1" 200 4564 "Mozilla/5.0 (Macintosh; Intel Mac OS X 10_15_7)"
10.0.0.5 - - [06/Aug/2025:22:58:16 +0000] "POST / HTTP/1.1" 301 986 "curl/7.64.1"
192.168.1.10 - - [06/Aug/2025:21:30:23 +0000] "PUT /index.html HTTP/1.1" 200 808 "Mozilla/5.0 (Windows NT 10.0; Win64; x64)"
198.51.100.22 - - [06/Aug/2025:22:08:58 +0000] "GET /api/data HTTP/1.1" 201 551 "PostmanRuntime/7.28.4"
172.16.0.3 - - [06/Aug/2025:21:25:59 +0000] "GET /api/data HTTP/1.1" 201 4913 "curl/7.64.1"
172.16.0.3 - - [06/Aug/2025:21:02:32 +0000] "DELETE / HTTP/1.1" 400 3238 "curl/7.64.1"
172.16.0.3 - - [06/Aug/2025:22:16:29 +0000] "POST /dashboard HTTP/1.1" 500 2189 "Mozilla/5.0 (Windows NT 10.0; Win64; x64)"
198.51.100.22 - - [06/Aug/2025:21:32:50 +0000] "PUT /assets/style.css HTTP/1.1" 502 4145 "Mozilla/5.0 (Macintosh; Intel Mac OS X 10_15_7)"
203.0.113.76 - - [06/Aug/2025:22:55:48 +0000] "GET /api/data HTTP/1.1" 200 4507 "Mozilla/5.0 (Macintosh; Intel Mac OS X 10_15_7)"
192.168.1.10 - - [06/Aug/2025:21:41:40 +0000] "POST /assets/style.css HTTP/1.1" 201 2037 "PostmanRuntime/7.28.4"
172.16.0.3 - - [06/Aug/2025:21:52:35 +0000] "DELETE / HTTP/1.1" 400 3070 "Mozilla/5.0 (Macintosh; Intel Mac OS X 10_15_7)"
198.51.100.22 - - [06/Aug/2025:22:05:10 +0000] "GET /api/data HTTP/1.1" 400 2843 "PostmanRuntime/7.28.4"
10.0.0.5 - - [06/Aug/2025:22:22:24 +0000] "PUT / HTTP/1.1" 301 3540 "curl/7.64.1"
172.16.0.3 - - [06/Aug/2025:22:51:34 +0000] "POST /assets/style.css HTTP/1.1" 500 4791 "curl/7.64.1"
172.16.0.3 - - [06/Aug/2025:21:40:06 +0000] "POST /index.html HTTP/1.1" 200 3120 "PostmanRuntime/7.28.4"
198.51.100.22 - - [06/Aug/2025:21:06:15 +0000] "GET /dashboard HTTP/1.1" 200 4429 "Mozilla/5.0 (Macintosh; Intel Mac OS X 10_15_7)"
192.168.1.10 - - [06/Aug/2025:22:18:47 +0000] "POST /assets/style.css HTTP/1.1" 400 3029 "Mozilla/5.0 (Windows NT 10.0; Win64; x64)"
192.168.1.10 - - [06/Aug/2025:22:37:11 +0000] "PUT /index.html HTTP/1.1" 301 2482 "Mozilla/5.0 (Windows NT 10.0; Win64; x64)"
192.168.1.10 - - [06/Aug/2025:22:53:25 +0000] "GET /index.html HTTP/1.1" 200 1574 "Mozilla/5.0 (Macintosh; Intel Mac OS X 10_15_7)"
172.16.0.3 - - [06/Aug/2025:22:17:26 +0000] "DELETE /dashboard HTTP/1.1" 403 4004 "PostmanRuntime/7.28.4"
10.0.0.5 - - [06/Aug/2025:21:14:29 +0000] "POST /dashboard HTTP/1.1" 200 2155 "Mozilla/5.0 (Windows NT 10.0; Win64; x64)"
172.16.0.3 - - [06/Aug/2025:21:17:17 +0000] "DELETE / HTTP/1.1" 200 2513 "Mozilla/5.0 (Windows NT 10.0; Win64; x64)"
10.0.0.5 - - [06/Aug/2025:22:22:42 +0000] "DELETE / HTTP/1.1" 201 4117 "curl/7.64.1"
203.0.113.76 - - [06/Aug/2025:22:09:09 +0000] "POST /api/data HTTP/1.1" 301 3010 "Mozilla/5.0 (Macintosh; Intel Mac OS X 10_15_7)"
203.0.113.76 - - [06/Aug/2025:21:12:28 +0000] "GET /api/data HTTP/1.1" 301 3693 "PostmanRuntime/7.28.4"
10.0.0.5 - - [06/Aug/2025:21:58:34 +0000] "POST /dashboard HTTP/1.1" 301 838 "curl/7.64.1"
203.0.113.76 - - [06/Aug/2025:21:27:28 +0000] "POST /assets/style.css HTTP/1.1" 200 742 "Mozilla/5.0 (Windows NT 10.0; Win64; x64)"
198.51.100.22 - - [06/Aug/2025:22:12:44 +0000] "DELETE /login HTTP/1.1" 301 1290 "curl/7.64.1"
203.0.113.76 - - [06/Aug/2025:21:07:26 +0000] "DELETE / HTTP/1.1" 301 857 "Mozilla/5.0 (Windows NT 10.0; Win64; x64)"
198.51.100.22 - - [06/Aug/2025:22:31:00 +0000] "GET /dashboard HTTP/1.1" 301 1794 "Mozilla/5.0 (Windows NT 10.0; Win64; x64)"
198.51.100.22 - - [06/Aug/2025:22:23:51 +0000] "PUT /api/data HTTP/1.1" 201 4720 "PostmanRuntime/7.28.4"
192.168.1.10 - - [06/Aug/2025:21:55:56 +0000] "DELETE /login HTTP/1.1" 301 1553 "curl/7.64.1"
10.0.0.5 - - [06/Aug/2025:22:17:47 +0000] "GET / HTTP/1.1" 201 3768 "curl/7.64.1"
192.168.1.10 - - [06/Aug/2025:21:11:02 +0000] "PUT /index.html HTTP/1.1" 301 945 "Mozilla/5.0 (Macintosh; Intel Mac OS X 10_15_7)"
198.51.100.22 - - [06/Aug/2025:21:04:31 +0000] "DELETE /api/data HTTP/1.1" 500 1552 "PostmanRuntime/7.28.4"
172.16.0.3 - - [06/Aug/2025:22:32:27 +0000] "POST /dashboard HTTP/1.1" 201 2623 "PostmanRuntime/7.28.4"
172.16.0.3 - - [06/Aug/2025:21:49:28 +0000] "PUT /dashboard HTTP/1.1" 301 1007 "Mozilla/5.0 (Macintosh; Intel Mac OS X 10_15_7)"
192.168.1.10 - - [06/Aug/2025:22:46:21 +0000] "POST /assets/style.css HTTP/1.1" 200 2424 "Mozilla/5.0 (Macintosh; Intel Mac OS X 10_15_7)"
10.0.0.5 - - [06/Aug/2025:22:50:07 +0000] "DELETE /assets/style.css HTTP/1.1" 301 3516 "Mozilla/5.0 (Windows NT 10.0; Win64; x64)"
192.168.1.10 - - [06/Aug/2025:22:10:36 +0000] "GET /login HTTP/1.1" 502 3922 "curl/7.64.1"
172.16.0.3 - - [06/Aug/2025:22:20:06 +0000] "GET /login HTTP/1.1" 301 3662 "PostmanRuntime/7.28.4"
198.51.100.22 - - [06/Aug/2025:21:44:33 +0000] "GET /assets/style.css HTTP/1.1" 301 4663 "curl/7.64.1"
198.51.100.22 - - [06/Aug/2025:22:50:24 +0000] "DELETE /dashboard HTTP/1.1" 201 1412 "Mozilla/5.0 (Windows NT 10.0; Win64; x64)"
198.51.100.22 - - [06/Aug/2025:21:51:48 +0000] "GET /dashboard HTTP/1.1" 301 4085 "Mozilla/5.0 (Windows NT 10.0; Win64; x64)"
192.168.1.10 - - [06/Aug/2025:21:24:47 +0000] "DELETE /api/data HTTP/1.1" 301 715 "Mozilla/5.0 (Macintosh; Intel Mac OS X 10_15_7)"
192.168.1.10 - - [06/Aug/2025:22:40:56 +0000] "PUT /dashboard HTTP/1.1" 201 4567 "curl/7.64.1"
192.168.1.10 - - [06/Aug/2025:21:03:33 +0000] "POST /index.html HTTP/1.1" 201 4315 "Mozilla/5.0 (Windows NT 10.0; Win64; x64)"
192.168.1.10 - - [06/Aug/2025:21:48:09 +0000] "PUT /dashboard HTTP/1.1" 301 714 "Mozilla/5.0 (Windows NT 10.0; Win64; x64)"
192.168.1.10 - - [06/Aug/2025:21:11:35 +0000] "PUT /assets/style.css HTTP/1.1" 201 3550 "curl/7.64.1"
203.0.113.76 - - [06/Aug/2025:22:05:34 +0000] "DELETE /dashboard HTTP/1.1" 201 3000 "Mozilla/5.0 (Macintosh; Intel Mac OS X 10_15_7)"
10.0.0.5 - - [06/Aug/2025:21:27:18 +0000] "GET /login HTTP/1.1" 200 4120 "PostmanRuntime/7.28.4"
172.16.0.3 - - [06/Aug/2025:22:26:06 +0000] "GET /dashboard HTTP/1.1" 201 2318 "curl/7.64.1"
198.51.100.22 - - [06/Aug/2025:22:59:41 +0000] "POST /login HTTP/1.1" 403 4752 "Mozilla/5.0 (Macintosh; Intel Mac OS X 10_15_7)"
192.168.1.10 - - [06/Aug/2025:22:16:26 +0000] "GET /login HTTP/1.1" 200 1949 "PostmanRuntime/7.28.4"
192.168.1.10 - - [06/Aug/2025:21:07:34 +0000] "POST /assets/style.css HTTP/1.1" 201 4175 "Mozilla/5.0 (Windows NT 10.0; Win64; x64)"
198.51.100.22 - - [06/Aug/2025:22:06:03 +0000] "GET / HTTP/1.1" 301 2724 "curl/7.64.1"
172.16.0.3 - - [06/Aug/2025:22:11:00 +0000] "POST /assets/style.css HTTP/1.1" 201 2331 "Mozilla/5.0 (Windows NT 10.0; Win64; x64)"
203.0.113.76 - - [06/Aug/2025:22:48:59 +0000] "DELETE /login HTTP/1.1" 201 1400 "Mozilla/5.0 (Windows NT 10.0; Win64; x64)"
203.0.113.76 - - [06/Aug/2025:22:04:15 +0000] "DELETE /dashboard HTTP/1.1" 200 4305 "curl/7.64.1"
192.168.1.10 - - [06/Aug/2025:21:08:51 +0000] "POST /index.html HTTP/1.1" 301 4914 "PostmanRuntime/7.28.4"
172.16.0.3 - - [06/Aug/2025:21:54:04 +0000] "GET /login HTTP/1.1" 301 2928 "PostmanRuntime/7.28.4"
10.0.0.5 - - [06/Aug/2025:22:29:51 +0000] "PUT /index.html HTTP/1.1" 301 2473 "PostmanRuntime/7.28.4"
203.0.113.76 - - [06/Aug/2025:21:36:53 +0000] "GET /api/data HTTP/1.1" 201 2027 "Mozilla/5.0 (Windows NT 10.0; Win64; x64)"
172.16.0.3 - - [06/Aug/2025:21:56:13 +0000] "DELETE /dashboard HTTP/1.1" 201 1175 "Mozilla/5.0 (Macintosh; Intel Mac OS X 10_15_7)"
203.0.113.76 - - [06/Aug/2025:22:54:17 +0000] "POST /api/data HTTP/1.1" 400 1745 "Mozilla/5.0 (Macintosh; Intel Mac OS X 10_15_7)"
172.16.0.3 - - [06/Aug/2025:21:55:50 +0000] "POST /dashboard HTTP/1.1" 201 568 "Mozilla/5.0 (Windows NT 10.0; Win64; x64)"
198.51.100.22 - - [06/Aug/2025:21:18:08 +0000] "GET /assets/style.css HTTP/1.1" 403 2838 "Mozilla/5.0 (Windows NT 10.0; Win64; x64)"
198.51.100.22 - - [06/Aug/2025:21:45:00 +0000] "POST /dashboard HTTP/1.1" 400 4623 "curl/7.64.1"
10.0.0.5 - - [06/Aug/2025:21:48:42 +0000] "PUT /dashboard HTTP/1.1" 200 1462 "curl/7.64.1"
203.0.113.76 - - [06/Aug/2025:22:06:10 +0000] "GET /api/data HTTP/1.1" 301 2556 "Mozilla/5.0 (Macintosh; Intel Mac OS X 10_15_7)"
172.16.0.3 - - [06/Aug/2025:22:26:13 +0000] "PUT /index.html HTTP/1.1" 200 739 "Mozilla/5.0 (Macintosh; Intel Mac OS X 10_15_7)"
192.168.1.10 - - [06/Aug/2025:22:55:56 +0000] "PUT /index.html HTTP/1.1" 200 4126 "Mozilla/5.0 (Macintosh; Intel Mac OS X 10_15_7)"
10.0.0.5 - - [06/Aug/2025:21:07:47 +0000] "PUT /assets/style.css HTTP/1.1" 200 661 "curl/7.64.1"
198.51.100.22 - - [06/Aug/2025:21:52:01 +0000] "DELETE /dashboard HTTP/1.1" 200 2836 "Mozilla/5.0 (Windows NT 10.0; Win64; x64)"
172.16.0.3 - - [06/Aug/2025:22:21:49 +0000] "DELETE / HTTP/1.1" 201 3110 "curl/7.64.1"
203.0.113.76 - - [06/Aug/2025:22:28:38 +0000] "POST /api/data HTTP/1.1" 201 732 "Mozilla/5.0 (Macintosh; Intel Mac OS X 10_15_7)"
198.51.100.22 - - [06/Aug/2025:21:01:28 +0000] "PUT /login HTTP/1.1" 404 1896 "PostmanRuntime/7.28.4"
10.0.0.5 - - [06/Aug/2025:22:13:43 +0000] "PUT / HTTP/1.1" 200 3499 "Mozilla/5.0 (Windows NT 10.0; Win64; x64)"
198.51.100.22 - - [06/Aug/2025:22:19:58 +0000] "GET /index.html HTTP/1.1" 500 2002 "PostmanRuntime/7.28.4"
198.51.100.22 - - [06/Aug/2025:22:37:18 +0000] "DELETE /assets/style.css HTTP/1.1" 200 572 "curl/7.64.1"
192.168.1.10 - - [06/Aug/2025:21:21:43 +0000] "DELETE /index.html HTTP/1.1" 200 2489 "curl/7.64.1"
192.168.1.10 - - [06/Aug/2025:22:01:03 +0000] "POST /index.html HTTP/1.1" 301 2019 "Mozilla/5.0 (Macintosh; Intel Mac OS X 10_15_7)"
10.0.0.5 - - [06/Aug/2025:22:11:26 +0000] "POST /index.html HTTP/1.1" 301 3739 "curl/7.64.1"
192.168.1.10 - - [06/Aug/2025:21:52:46 +0000] "DELETE /login HTTP/1.1" 200 4471 "PostmanRuntime/7.28.4"
172.16.0.3 - - [06/Aug/2025:21:58:24 +0000] "PUT /login HTTP/1.1" 201 1709 "Mozilla/5.0 (Windows NT 10.0; Win64; x64)"
192.168.1.10 - - [06/Aug/2025:22:10:32 +0000] "PUT /assets/style.css HTTP/1.1" 301 4973 "curl/7.64.1"
198.51.100.22 - - [06/Aug/2025:22:04:01 +0000] "POST /assets/style.css HTTP/1.1" 200 3266 "Mozilla/5.0 (Macintosh; Intel Mac OS X 10_15_7)"
192.168.1.10 - - [06/Aug/2025:21:02:28 +0000] "GET / HTTP/1.1" 201 4903 "PostmanRuntime/7.28.4"
192.168.1.10 - - [06/Aug/2025:21:40:09 +0000] "GET /dashboard HTTP/1.1" 301 2553 "Mozilla/5.0 (Windows NT 10.0; Win64; x64)"
10.0.0.5 - - [06/Aug/2025:21:51:09 +0000] "PUT /index.html HTTP/1.1" 301 3550 "curl/7.64.1"
192.168.1.10 - - [06/Aug/2025:21:41:05 +0000] "GET /assets/style.css HTTP/1.1" 301 1257 "Mozilla/5.0 (Windows NT 10.0; Win64; x64)"
203.0.113.76 - - [06/Aug/2025:21:18:37 +0000] "PUT /dashboard HTTP/1.1" 400 2058 "Mozilla/5.0 (Windows NT 10.0; Win64; x64)"
192.168.1.10 - - [06/Aug/2025:22:13:01 +0000] "PUT /index.html HTTP/1.1" 400 2646 "PostmanRuntime/7.28.4"
172.16.0.3 - - [06/Aug/2025:22:30:55 +0000] "POST /index.html HTTP/1.1" 201 1321 "PostmanRuntime/7.28.4"
192.168.1.10 - - [06/Aug/2025:21:15:54 +0000] "POST /index.html HTTP/1.1" 301 885 "curl/7.64.1"
172.16.0.3 - - [06/Aug/2025:22:58:57 +0000] "POST /index.html HTTP/1.1" 200 1364 "Mozilla/5.0 (Macintosh; Intel Mac OS X 10_15_7)"
192.168.1.10 - - [06/Aug/2025:21:20:01 +0000] "POST /login HTTP/1.1" 201 702 "PostmanRuntime/7.28.4"
10.0.0.5 - - [06/Aug/2025:22:08:57 +0000] "PUT / HTTP/1.1" 201 4324 "Mozilla/5.0 (Windows NT 10.0; Win64; x64)"
198.51.100.22 - - [06/Aug/2025:22:11:20 +0000] "POST /index.html HTTP/1.1" 301 2770 "Mozilla/5.0 (Windows NT 10.0; Win64; x64)"
172.16.0.3 - - [06/Aug/2025:22:10:51 +0000] "DELETE / HTTP/1.1" 200 4754 "Mozilla/5.0 (Windows NT 10.0; Win64; x64)"
203.0.113.76 - - [06/Aug/2025:21:41:15 +0000] "POST /login HTTP/1.1" 200 984 "curl/7.64.1"
192.168.1.10 - - [06/Aug/2025:22:17:07 +0000] "PUT /assets/style.css HTTP/1.1" 403 3402 "curl/7.64.1"
10.0.0.5 - - [06/Aug/2025:22:45:14 +0000] "GET /dashboard HTTP/1.1" 201 1365 "curl/7.64.1"
172.16.0.3 - - [06/Aug/2025:22:58:58 +0000] "GET / HTTP/1.1" 301 4072 "curl/7.64.1"
203.0.113.76 - - [06/Aug/2025:22:42:35 +0000] "DELETE /api/data HTTP/1.1" 200 1878 "Mozilla/5.0 (Windows NT 10.0; Win64; x64)"
203.0.113.76 - - [06/Aug/2025:21:15:45 +0000] "GET /login HTTP/1.1" 301 4287 "Mozilla/5.0 (Macintosh; Intel Mac OS X 10_15_7)"
203.0.113.76 - - [06/Aug/2025:21:00:52 +0000] "DELETE /assets/style.css HTTP/1.1" 201 3346 "PostmanRuntime/7.28.4"
198.51.100.22 - - [06/Aug/2025:22:33:26 +0000] "PUT /api/data HTTP/1.1" 200 3371 "curl/7.64.1"
192.168.1.10 - - [06/Aug/2025:21:19:38 +0000] "POST /api/data HTTP/1.1" 200 4279 "curl/7.64.1"
192.168.1.10 - - [06/Aug/2025:21:35:57 +0000] "POST / HTTP/1.1" 400 2044 "PostmanRuntime/7.28.4"
10.0.0.5 - - [06/Aug/2025:21:37:27 +0000] "DELETE / HTTP/1.1" 400 4788 "Mozilla/5.0 (Macintosh; Intel Mac OS X 10_15_7)"
198.51.100.22 - - [06/Aug/2025:21:47:43 +0000] "PUT / HTTP/1.1" 200 1629 "curl/7.64.1"
198.51.100.22 - - [06/Aug/2025:21:49:33 +0000] "DELETE /dashboard HTTP/1.1" 200 1659 "Mozilla/5.0 (Macintosh; Intel Mac OS X 10_15_7)"
172.16.0.3 - - [06/Aug/2025:21:28:11 +0000] "GET /api/data HTTP/1.1" 301 3766 "Mozilla/5.0 (Macintosh; Intel Mac OS X 10_15_7)"
203.0.113.76 - - [06/Aug/2025:22:49:00 +0000] "PUT / HTTP/1.1" 400 3538 "PostmanRuntime/7.28.4"
192.168.1.10 - - [06/Aug/2025:21:23:16 +0000] "DELETE /assets/style.css HTTP/1.1" 301 3504 "Mozilla/5.0 (Windows NT 10.0; Win64; x64)"
192.168.1.10 - - [06/Aug/2025:21:30:46 +0000] "GET /dashboard HTTP/1.1" 301 4684 "curl/7.64.1"
192.168.1.10 - - [06/Aug/2025:22:12:04 +0000] "DELETE /login HTTP/1.1" 301 2610 "PostmanRuntime/7.28.4"
198.51.100.22 - - [06/Aug/2025:22:59:57 +0000] "GET /login HTTP/1.1" 200 3965 "curl/7.64.1"
198.51.100.22 - - [06/Aug/2025:22:25:36 +0000] "GET / HTTP/1.1" 403 3218 "PostmanRuntime/7.28.4"
192.168.1.10 - - [06/Aug/2025:22:33:36 +0000] "POST /login HTTP/1.1" 201 795 "Mozilla/5.0 (Windows NT 10.0; Win64; x64)"
203.0.113.76 - - [06/Aug/2025:22:17:31 +0000] "PUT /dashboard HTTP/1.1" 502 3430 "PostmanRuntime/7.28.4"
10.0.0.5 - - [06/Aug/2025:22:07:14 +0000] "POST / HTTP/1.1" 200 1763 "PostmanRuntime/7.28.4"
203.0.113.76 - - [06/Aug/2025:21:34:03 +0000] "POST /assets/style.css HTTP/1.1" 200 2309 "Mozilla/5.0 (Macintosh; Intel Mac OS X 10_15_7)"
172.16.0.3 - - [06/Aug/2025:22:09:50 +0000] "DELETE /assets/style.css HTTP/1.1" 404 4971 "PostmanRuntime/7.28.4"
10.0.0.5 - - [06/Aug/2025:22:57:35 +0000] "POST /api/data HTTP/1.1" 301 2488 "Mozilla/5.0 (Macintosh; Intel Mac OS X 10_15_7)"
192.168.1.10 - - [06/Aug/2025:22:12:55 +0000] "POST /api/data HTTP/1.1" 200 4715 "Mozilla/5.0 (Windows NT 10.0; Win64; x64)"
203.0.113.76 - - [06/Aug/2025:22:00:44 +0000] "PUT /login HTTP/1.1" 500 3136 "PostmanRuntime/7.28.4"
203.0.113.76 - - [06/Aug/2025:21:23:50 +0000] "POST / HTTP/1.1" 301 2588 "curl/7.64.1"
10.0.0.5 - - [06/Aug/2025:22:34:01 +0000] "PUT /login HTTP/1.1" 400 2325 "Mozilla/5.0 (Macintosh; Intel Mac OS X 10_15_7)"
172.16.0.3 - - [06/Aug/2025:21:23:19 +0000] "DELETE / HTTP/1.1" 301 1556 "PostmanRuntime/7.28.4"
203.0.113.76 - - [06/Aug/2025:22:54:52 +0000] "POST /api/data HTTP/1.1" 200 1946 "curl/7.64.1"
198.51.100.22 - - [06/Aug/2025:21:04:04 +0000] "POST /login HTTP/1.1" 301 3901 "curl/7.64.1"
10.0.0.5 - - [06/Aug/2025:21:03:55 +0000] "POST /index.html HTTP/1.1" 404 3101 "Mozilla/5.0 (Windows NT 10.0; Win64; x64)"
203.0.113.76 - - [06/Aug/2025:22:37:47 +0000] "POST /dashboard HTTP/1.1" 201 2618 "PostmanRuntime/7.28.4"
192.168.1.10 - - [06/Aug/2025:22:08:58 +0000] "DELETE /index.html HTTP/1.1" 201 516 "Mozilla/5.0 (Macintosh; Intel Mac OS X 10_15_7)"
10.0.0.5 - - [06/Aug/2025:21:40:51 +0000] "POST /index.html HTTP/1.1" 301 2276 "curl/7.64.1"
172.16.0.3 - - [06/Aug/2025:21:18:25 +0000] "PUT /index.html HTTP/1.1" 301 4590 "PostmanRuntime/7.28.4"
203.0.113.76 - - [06/Aug/2025:22:34:41 +0000] "GET /api/data HTTP/1.1" 200 3395 "PostmanRuntime/7.28.4"
203.0.113.76 - - [06/Aug/2025:22:55:15 +0000] "POST /api/data HTTP/1.1" 400 3152 "curl/7.64.1"
203.0.113.76 - - [06/Aug/2025:22:25:53 +0000] "GET /dashboard HTTP/1.1" 301 1541 "Mozilla/5.0 (Windows NT 10.0; Win64; x64)"
192.168.1.10 - - [06/Aug/2025:21:55:18 +0000] "PUT /login HTTP/1.1" 201 4565 "PostmanRuntime/7.28.4"
198.51.100.22 - - [06/Aug/2025:22:45:17 +0000] "PUT /dashboard HTTP/1.1" 301 3880 "Mozilla/5.0 (Windows NT 10.0; Win64; x64)"
172.16.0.3 - - [06/Aug/2025:22:49:21 +0000] "PUT /assets/style.css HTTP/1.1" 201 3878 "Mozilla/5.0 (Macintosh; Intel Mac OS X 10_15_7)"
192.168.1.10 - - [06/Aug/2025:22:05:10 +0000] "PUT /index.html HTTP/1.1" 301 4994 "PostmanRuntime/7.28.4"
192.168.1.10 - - [06/Aug/2025:21:53:12 +0000] "POST /login HTTP/1.1" 200 1877 "Mozilla/5.0 (Macintosh; Intel Mac OS X 10_15_7)"
10.0.0.5 - - [06/Aug/2025:21:05:57 +0000] "POST /index.html HTTP/1.1" 404 4406 "PostmanRuntime/7.28.4"
203.0.113.76 - - [06/Aug/2025:22:40:02 +0000] "POST /login HTTP/1.1" 201 3012 "Mozilla/5.0 (Macintosh; Intel Mac OS X 10_15_7)"
203.0.113.76 - - [06/Aug/2025:21:19:13 +0000] "GET / HTTP/1.1" 200 4775 "Mozilla/5.0 (Windows NT 10.0; Win64; x64)"
10.0.0.5 - - [06/Aug/2025:21:41:21 +0000] "PUT /assets/style.css HTTP/1.1" 301 3413 "Mozilla/5.0 (Windows NT 10.0; Win64; x64)"
192.168.1.10 - - [06/Aug/2025:21:52:23 +0000] "PUT /index.html HTTP/1.1" 301 4462 "PostmanRuntime/7.28.4"
10.0.0.5 - - [06/Aug/2025:21:06:15 +0000] "DELETE /login HTTP/1.1" 201 3619 "Mozilla/5.0 (Macintosh; Intel Mac OS X 10_15_7)"
10.0.0.5 - - [06/Aug/2025:22:16:41 +0000] "PUT /api/data HTTP/1.1" 301 2718 "PostmanRuntime/7.28.4"
192.168.1.10 - - [06/Aug/2025:22:12:31 +0000] "PUT /dashboard HTTP/1.1" 201 1968 "Mozilla/5.0 (Windows NT 10.0; Win64; x64)"
172.16.0.3 - - [06/Aug/2025:22:03:24 +0000] "POST /api/data HTTP/1.1" 301 4352 "PostmanRuntime/7.28.4"
10.0.0.5 - - [06/Aug/2025:21:44:21 +0000] "DELETE / HTTP/1.1" 201 912 "curl/7.64.1"
198.51.100.22 - - [06/Aug/2025:22:12:52 +0000] "DELETE / HTTP/1.1" 500 3458 "Mozilla/5.0 (Windows NT 10.0; Win64; x64)"
10.0.0.5 - - [06/Aug/2025:21:45:01 +0000] "DELETE /dashboard HTTP/1.1" 200 1596 "curl/7.64.1"
192.168.1.10 - - [06/Aug/2025:22:21:29 +0000] "PUT /dashboard HTTP/1.1" 201 1317 "Mozilla/5.0 (Macintosh; Intel Mac OS X 10_15_7)"
203.0.113.76 - - [06/Aug/2025:21:51:21 +0000] "POST /index.html HTTP/1.1" 200 2172 "PostmanRuntime/7.28.4"
10.0.0.5 - - [06/Aug/2025:22:08:06 +0000] "PUT /assets/style.css HTTP/1.1" 201 4657 "Mozilla/5.0 (Macintosh; Intel Mac OS X 10_15_7)"
172.16.0.3 - - [06/Aug/2025:21:44:18 +0000] "DELETE /index.html HTTP/1.1" 404 2702 "Mozilla/5.0 (Windows NT 10.0; Win64; x64)"
203.0.113.76 - - [06/Aug/2025:21:13:55 +0000] "DELETE / HTTP/1.1" 200 3492 "PostmanRuntime/7.28.4"
172.16.0.3 - - [06/Aug/2025:22:55:55 +0000] "PUT /assets/style.css HTTP/1.1" 201 3234 "Mozilla/5.0 (Macintosh; Intel Mac OS X 10_15_7)"
198.51.100.22 - - [06/Aug/2025:22:02:07 +0000] "GET / HTTP/1.1" 301 2649 "curl/7.64.1"
203.0.113.76 - - [06/Aug/2025:22:29:30 +0000] "PUT /login HTTP/1.1" 200 4254 "PostmanRuntime/7.28.4"
192.168.1.10 - - [06/Aug/2025:21:43:43 +0000] "PUT /dashboard HTTP/1.1" 200 2177 "PostmanRuntime/7.28.4"
198.51.100.22 - - [06/Aug/2025:22:12:43 +0000] "PUT /assets/style.css HTTP/1.1" 201 937 "Mozilla/5.0 (Macintosh; Intel Mac OS X 10_15_7)"
172.16.0.3 - - [06/Aug/2025:21:10:37 +0000] "PUT /dashboard HTTP/1.1" 201 2291 "Mozilla/5.0 (Windows NT 10.0; Win64; x64)"
172.16.0.3 - - [06/Aug/2025:22:31:10 +0000] "POST /assets/style.css HTTP/1.1" 201 1794 "Mozilla/5.0 (Macintosh; Intel Mac OS X 10_15_7)"
192.168.1.10 - - [06/Aug/2025:21:37:36 +0000] "GET / HTTP/1.1" 201 3119 "Mozilla/5.0 (Macintosh; Intel Mac OS X 10_15_7)"
203.0.113.76 - - [06/Aug/2025:22:56:41 +0000] "DELETE /assets/style.css HTTP/1.1" 404 2705 "Mozilla/5.0 (Windows NT 10.0; Win64; x64)"
198.51.100.22 - - [06/Aug/2025:21:20:32 +0000] "PUT / HTTP/1.1" 201 1303 "Mozilla/5.0 (Macintosh; Intel Mac OS X 10_15_7)"
10.0.0.5 - - [06/Aug/2025:21:28:51 +0000] "GET /login HTTP/1.1" 502 1675 "Mozilla/5.0 (Macintosh; Intel Mac OS X 10_15_7)"
10.0.0.5 - - [06/Aug/2025:21:24:49 +0000] "PUT /api/data HTTP/1.1" 200 544 "Mozilla/5.0 (Windows NT 10.0; Win64; x64)"
198.51.100.22 - - [06/Aug/2025:22:45:13 +0000] "GET /api/data HTTP/1.1" 200 1319 "Mozilla/5.0 (Macintosh; Intel Mac OS X 10_15_7)"
203.0.113.76 - - [06/Aug/2025:22:44:15 +0000] "DELETE /login HTTP/1.1" 404 3145 "Mozilla/5.0 (Windows NT 10.0; Win64; x64)"
198.51.100.22 - - [06/Aug/2025:22:13:59 +0000] "PUT / HTTP/1.1" 301 3931 "PostmanRuntime/7.28.4"
198.51.100.22 - - [06/Aug/2025:21:13:32 +0000] "POST /api/data HTTP/1.1" 201 4440 "Mozilla/5.0 (Macintosh; Intel Mac OS X 10_15_7)"
172.16.0.3 - - [06/Aug/2025:22:59:14 +0000] "GET /login HTTP/1.1" 201 4552 "Mozilla/5.0 (Macintosh; Intel Mac OS X 10_15_7)"
10.0.0.5 - - [06/Aug/2025:22:04:41 +0000] "GET /login HTTP/1.1" 502 4704 "Mozilla/5.0 (Windows NT 10.0; Win64; x64)"
10.0.0.5 - - [06/Aug/2025:22:04:52 +0000] "POST /index.html HTTP/1.1" 200 867 "curl/7.64.1"
192.168.1.10 - - [06/Aug/2025:21:05:01 +0000] "PUT / HTTP/1.1" 201 4958 "PostmanRuntime/7.28.4"
192.168.1.10 - - [06/Aug/2025:22:07:07 +0000] "PUT /index.html HTTP/1.1" 201 1603 "PostmanRuntime/7.28.4"
203.0.113.76 - - [06/Aug/2025:21:03:48 +0000] "GET / HTTP/1.1" 301 4074 "curl/7.64.1"
